Archive member included because of file (symbol)

D:/NXP/S32DS_ARM_v2.0/S32DS/arm_ewl2/lib/armv7e-m\libc99.a(exit.o)
                              D:/NXP/S32DS_ARM_v2.0/S32DS/arm_ewl2/lib/armv7e-m/__arm_start.o (exit)
D:/NXP/S32DS_ARM_v2.0/S32DS/arm_ewl2/lib/armv7e-m\libc99.a(memset.o)
                              D:/NXP/S32DS_ARM_v2.0/S32DS/arm_ewl2/lib/armv7e-m/__arm_start.o (memset)
D:/NXP/S32DS_ARM_v2.0/S32DS/arm_ewl2/lib/armv7e-m\libc99.a(__filll_mem.o)
                              D:/NXP/S32DS_ARM_v2.0/S32DS/arm_ewl2/lib/armv7e-m\libc99.a(memset.o) (__fill_mem)
D:/NXP/S32DS_ARM_v2.0/S32DS/arm_ewl2/lib/armv7e-m\librt.a(gcc_ctor_dtor.o)
                              D:/NXP/S32DS_ARM_v2.0/S32DS/arm_ewl2/lib/armv7e-m/__arm_start.o (__init_cpp)
D:/NXP/S32DS_ARM_v2.0/S32DS/arm_ewl2/lib/armv7e-m\librt.a(__arm_eabi_init.o)
                              D:/NXP/S32DS_ARM_v2.0/S32DS/arm_ewl2/lib/armv7e-m\libc99.a(exit.o) (__destroy_global_chain)
D:/NXP/S32DS_ARM_v2.0/S32DS/arm_ewl2/lib/armv7e-m\librt.a(ROMCopy.o)
                              D:/NXP/S32DS_ARM_v2.0/S32DS/arm_ewl2/lib/armv7e-m/__arm_start.o (__copy_rom_sections_to_ram)

Allocating common symbols
Common symbol       size              file

Det_ErrorId         0x1               ./Mcal/Det_TS_T40D2M10I1R0/src/Det.o
Det_RuntimeErrorId  0x1               ./Mcal/Det_TS_T40D2M10I1R0/src/Det.o
Det_RuntimeModuleId
                    0x2               ./Mcal/Det_TS_T40D2M10I1R0/src/Det.o
Det_TransientFaultId
                    0x1               ./Mcal/Det_TS_T40D2M10I1R0/src/Det.o
Det_InstanceId      0x1               ./Mcal/Det_TS_T40D2M10I1R0/src/Det.o
Det_TransientApiId  0x1               ./Mcal/Det_TS_T40D2M10I1R0/src/Det.o
Adc_aUnitStatus     0x14              ./Mcal/Adc_TS_T40D2M10I1R0/src/Adc.o
Det_ApiId           0x1               ./Mcal/Det_TS_T40D2M10I1R0/src/Det.o
Det_TransientModuleId
                    0x2               ./Mcal/Det_TS_T40D2M10I1R0/src/Det.o
Det_RuntimeApiId    0x1               ./Mcal/Det_TS_T40D2M10I1R0/src/Det.o
Adc_aGroupStatus    0x18              ./Mcal/Adc_TS_T40D2M10I1R0/src/Adc.o
Det_ModuleId        0x2               ./Mcal/Det_TS_T40D2M10I1R0/src/Det.o
Det_TransientInstanceId
                    0x1               ./Mcal/Det_TS_T40D2M10I1R0/src/Det.o
Det_RuntimeInstanceId
                    0x1               ./Mcal/Det_TS_T40D2M10I1R0/src/Det.o

Discarded input sections

 .text          0x00000000        0x0 D:/NXP/S32DS_ARM_v2.0/S32DS/arm_ewl2/lib/armv7e-m/__arm_start.o
 .data          0x00000000        0x0 D:/NXP/S32DS_ARM_v2.0/S32DS/arm_ewl2/lib/armv7e-m/__arm_start.o
 .bss           0x00000000        0x0 D:/NXP/S32DS_ARM_v2.0/S32DS/arm_ewl2/lib/armv7e-m/__arm_start.o
 .text.__thumb_startup
                0x00000000       0x3c D:/NXP/S32DS_ARM_v2.0/S32DS/arm_ewl2/lib/armv7e-m/__arm_start.o
 .text.__iar_program_start
                0x00000000        0x4 D:/NXP/S32DS_ARM_v2.0/S32DS/arm_ewl2/lib/armv7e-m/__arm_start.o
 .bss.argv      0x00000000        0x4 D:/NXP/S32DS_ARM_v2.0/S32DS/arm_ewl2/lib/armv7e-m/__arm_start.o
 .debug_info    0x00000000      0x144 D:/NXP/S32DS_ARM_v2.0/S32DS/arm_ewl2/lib/armv7e-m/__arm_start.o
 .debug_abbrev  0x00000000       0xc0 D:/NXP/S32DS_ARM_v2.0/S32DS/arm_ewl2/lib/armv7e-m/__arm_start.o
 .debug_aranges
                0x00000000       0x28 D:/NXP/S32DS_ARM_v2.0/S32DS/arm_ewl2/lib/armv7e-m/__arm_start.o
 .debug_line    0x00000000       0x68 D:/NXP/S32DS_ARM_v2.0/S32DS/arm_ewl2/lib/armv7e-m/__arm_start.o
 .debug_str     0x00000000      0x270 D:/NXP/S32DS_ARM_v2.0/S32DS/arm_ewl2/lib/armv7e-m/__arm_start.o
 .comment       0x00000000       0x71 D:/NXP/S32DS_ARM_v2.0/S32DS/arm_ewl2/lib/armv7e-m/__arm_start.o
 .debug_frame   0x00000000       0x30 D:/NXP/S32DS_ARM_v2.0/S32DS/arm_ewl2/lib/armv7e-m/__arm_start.o
 .ARM.attributes
                0x00000000       0x33 D:/NXP/S32DS_ARM_v2.0/S32DS/arm_ewl2/lib/armv7e-m/__arm_start.o
 .group         0x00000000        0x8 ./src/Appl.o
 .group         0x00000000        0x8 ./src/Appl.o
 .group         0x00000000        0x8 ./src/Appl.o
 .group         0x00000000        0x8 ./src/Appl.o
 .group         0x00000000        0x8 ./src/Appl.o
 .group         0x00000000        0x8 ./src/Appl.o
 .group         0x00000000        0x8 ./src/Appl.o
 .group         0x00000000        0x8 ./src/Appl.o
 .group         0x00000000        0x8 ./src/Appl.o
 .group         0x00000000        0x8 ./src/Appl.o
 .group         0x00000000        0x8 ./src/Appl.o
 .group         0x00000000        0x8 ./src/Appl.o
 .group         0x00000000        0x8 ./src/Appl.o
 .group         0x00000000        0x8 ./src/Appl.o
 .text          0x00000000        0x0 ./src/Appl.o
 .data          0x00000000        0x0 ./src/Appl.o
 .bss           0x00000000        0x0 ./src/Appl.o
 .group         0x00000000        0x8 ./Project_Settings/Startup_Code/system_S32K144.o
[...]
Memory Configuration

Name             Origin             Length             Attributes
m_interrupts     0x00000000         0x00000400         xr
m_flash_config   0x00000400         0x00000010         xr
m_text           0x00000410         0x0007fbf0         xr
m_data           0x1fff8000         0x00008000         rw
m_data_2         0x20000000         0x00007000         rw
*default*        0x00000000         0xffffffff

Linker script and memory map

LOAD D:/NXP/S32DS_ARM_v2.0/S32DS/arm_ewl2/lib/armv7e-m/__arm_start.o
LOAD ./src/Appl.o
LOAD ./Project_Settings/Startup_Code/system_S32K144.o
LOAD ./Project_Settings/Startup_Code/startup_S32K144.o
LOAD ./Project_Settings/Startup_Code/startup.o
LOAD ./Mcal/Rte_TS_T40D2M10I1R0/src/SchM_Wdg.o
LOAD ./Mcal/Rte_TS_T40D2M10I1R0/src/SchM_Spi.o
LOAD ./Mcal/Rte_TS_T40D2M10I1R0/src/SchM_RamTst.o
LOAD ./Mcal/Rte_TS_T40D2M10I1R0/src/SchM_Pwm.o
LOAD ./Mcal/Rte_TS_T40D2M10I1R0/src/SchM_Port.o
LOAD ./Mcal/Rte_TS_T40D2M10I1R0/src/SchM_Ocu.o
LOAD ./Mcal/Rte_TS_T40D2M10I1R0/src/SchM_Mcu.o
LOAD ./Mcal/Rte_TS_T40D2M10I1R0/src/SchM_Mcl.o
LOAD ./Mcal/Rte_TS_T40D2M10I1R0/src/SchM_Mcem.o
LOAD ./Mcal/Rte_TS_T40D2M10I1R0/src/SchM_Lin.o
LOAD ./Mcal/Rte_TS_T40D2M10I1R0/src/SchM_Iseled.o
LOAD ./Mcal/Rte_TS_T40D2M10I1R0/src/SchM_Icu.o
LOAD ./Mcal/Rte_TS_T40D2M10I1R0/src/SchM_I2c.o
LOAD ./Mcal/Rte_TS_T40D2M10I1R0/src/SchM_Gpt.o
LOAD ./Mcal/Rte_TS_T40D2M10I1R0/src/SchM_Fr.o
LOAD ./Mcal/Rte_TS_T40D2M10I1R0/src/SchM_Fls.o
LOAD ./Mcal/Rte_TS_T40D2M10I1R0/src/SchM_Fee.o
LOAD ./Mcal/Rte_TS_T40D2M10I1R0/src/SchM_Eth.o
LOAD ./Mcal/Rte_TS_T40D2M10I1R0/src/SchM_Eep.o
LOAD ./Mcal/Rte_TS_T40D2M10I1R0/src/SchM_Dio.o
LOAD ./Mcal/Rte_TS_T40D2M10I1R0/src/SchM_Crcu.o
LOAD ./Mcal/Rte_TS_T40D2M10I1R0/src/SchM_Can.o
LOAD ./Mcal/Rte_TS_T40D2M10I1R0/src/SchM_Adc.o
LOAD ./Mcal/Pwm_TS_T40D2M10I1R0/src/Pwm_Ipw.o
LOAD ./Mcal/Pwm_TS_T40D2M10I1R0/src/Pwm_Ftm.o
LOAD ./Mcal/Pwm_TS_T40D2M10I1R0/src/Pwm_FlexIO.o
LOAD ./Mcal/Pwm_TS_T40D2M10I1R0/src/Pwm.o
LOAD ./Mcal/Port_TS_T40D2M10I1R0/src/Port_Port_Ci.o
LOAD ./Mcal/Port_TS_T40D2M10I1R0/src/Port_Ipw.o
LOAD ./Mcal/Port_TS_T40D2M10I1R0/src/Port.o
LOAD ./Mcal/Mcu_TS_T40D2M10I1R0/src/Mcu_SMC.o
LOAD ./Mcal/Mcu_TS_T40D2M10I1R0/src/Mcu_SIM.o
LOAD ./Mcal/Mcu_TS_T40D2M10I1R0/src/Mcu_SCG.o
LOAD ./Mcal/Mcu_TS_T40D2M10I1R0/src/Mcu_RCM_Irq.o
LOAD ./Mcal/Mcu_TS_T40D2M10I1R0/src/Mcu_RCM.o
LOAD ./Mcal/Mcu_TS_T40D2M10I1R0/src/Mcu_PMC_Irq.o
LOAD ./Mcal/Mcu_TS_T40D2M10I1R0/src/Mcu_PMC.o
LOAD ./Mcal/Mcu_TS_T40D2M10I1R0/src/Mcu_PCC.o
LOAD ./Mcal/Mcu_TS_T40D2M10I1R0/src/Mcu_IPW_Irq.o
LOAD ./Mcal/Mcu_TS_T40D2M10I1R0/src/Mcu_IPW.o
LOAD ./Mcal/Mcu_TS_T40D2M10I1R0/src/Mcu_CortexM4.o
LOAD ./Mcal/Mcu_TS_T40D2M10I1R0/src/Mcu_CMU_Irq.o
LOAD ./Mcal/Mcu_TS_T40D2M10I1R0/src/Mcu_CMU.o
LOAD ./Mcal/Mcu_TS_T40D2M10I1R0/src/Mcu.o
LOAD ./Mcal/Gpt_TS_T40D2M10I1R0/src/Gpt_SRtc.o
LOAD ./Mcal/Gpt_TS_T40D2M10I1R0/src/Gpt_Lptmr.o
LOAD ./Mcal/Gpt_TS_T40D2M10I1R0/src/Gpt_LPit.o
LOAD ./Mcal/Gpt_TS_T40D2M10I1R0/src/Gpt_Ipw.o
LOAD ./Mcal/Gpt_TS_T40D2M10I1R0/src/Gpt_Ftm.o
LOAD ./Mcal/Gpt_TS_T40D2M10I1R0/src/Gpt.o
LOAD ./Mcal/Dio_TS_T40D2M10I1R0/src/Dio_Gpio.o
LOAD ./Mcal/Dio_TS_T40D2M10I1R0/src/Dio.o
LOAD ./Mcal/Det_TS_T40D2M10I1R0/src/Det.o
LOAD ./Mcal/Adc_TS_T40D2M10I1R0/src/Adc_Pdb_Irq.o
LOAD ./Mcal/Adc_TS_T40D2M10I1R0/src/Adc_Pdb.o
LOAD ./Mcal/Adc_TS_T40D2M10I1R0/src/Adc_Ipw.o
LOAD ./Mcal/Adc_TS_T40D2M10I1R0/src/Adc_Adc12bsarv2_Irq.o
LOAD ./Mcal/Adc_TS_T40D2M10I1R0/src/Adc_Adc12bsarv2.o
LOAD ./Mcal/Adc_TS_T40D2M10I1R0/src/Adc.o
LOAD ./EBCfg/WorkspaceS32K144_19_06_2019/output/generated/src/Pwm_PBcfg.o
LOAD ./EBCfg/WorkspaceS32K144_19_06_2019/output/generated/src/Port_PBcfg.o
LOAD ./EBCfg/WorkspaceS32K144_19_06_2019/output/generated/src/Port_Cfg.o
LOAD ./EBCfg/WorkspaceS32K144_19_06_2019/output/generated/src/Mcu_PBcfg.o
LOAD ./EBCfg/WorkspaceS32K144_19_06_2019/output/generated/src/Mcu_Cfg.o
LOAD ./EBCfg/WorkspaceS32K144_19_06_2019/output/generated/src/Gpt_PBcfg.o
LOAD ./EBCfg/WorkspaceS32K144_19_06_2019/output/generated/src/Gpt_Cfg.o
LOAD ./EBCfg/WorkspaceS32K144_19_06_2019/output/generated/src/Dio_Cfg.o
LOAD ./EBCfg/WorkspaceS32K144_19_06_2019/output/generated/src/CDD_Mcl_PBcfg.o
LOAD ./EBCfg/WorkspaceS32K144_19_06_2019/output/generated/src/CDD_Mcl_Cfg.o
LOAD ./EBCfg/WorkspaceS32K144_19_06_2019/output/generated/src/Adc_PBcfg.o
LOAD ./EBCfg/WorkspaceS32K144_19_06_2019/output/generated/src/Adc_Cfg.o
START GROUP
LOAD D:/NXP/S32DS_ARM_v2.0/S32DS/arm_ewl2/lib/armv7e-m\libc99.a
LOAD D:/NXP/S32DS_ARM_v2.0/S32DS/arm_ewl2/lib/armv7e-m\libm.a
LOAD d:/nxp/s32ds_arm_v2.0/cross_tools/gcc-arm-none-eabi-4_9/bin/../lib/gcc/arm-none-eabi/4.9.3/armv7e-m\libgcc.a
LOAD D:/NXP/S32DS_ARM_v2.0/S32DS/arm_ewl2/lib/armv7e-m\librt.a
END GROUP
LOAD D:/NXP/S32DS_ARM_v2.0/S32DS/arm_ewl2/lib/armv7e-m/__arm_end.o
                0x00000400                HEAP_SIZE = DEFINED (__heap_size__)?__heap_size__:0x400
                0x00000400                STACK_SIZE = DEFINED (__stack_size__)?__stack_size__:0x400
                0x00000400                M_VECTOR_RAM_SIZE = DEFINED (__flash_vector_table__)?0x0:0x400

.interrupts     0x00000000      0x400
                0x00000000                __VECTOR_TABLE = .
                0x00000000                . = ALIGN (0x4)
 *(.isr_vector)
 .isr_vector    0x00000000      0x400 ./Project_Settings/Startup_Code/startup_S32K144.o
                0x00000000                __isr_vector
                0x00000400                . = ALIGN (0x4)

.flash_config   0x00000400       0x10
                0x00000400                . = ALIGN (0x4)
 *(.FlashConfig)
 .FlashConfig   0x00000400       0x10 ./Project_Settings/Startup_Code/startup_S32K144.o
                0x00000410                . = ALIGN (0x4)

.text           0x00000410      0x220
                0x00000410                . = ALIGN (0x4)
 *(.text)
 .text          0x00000410       0x44 ./Project_Settings/Startup_Code/startup_S32K144.o
                0x00000410                Reset_Handler
                0x00000450                DebugMon_Handler
                0x00000450                Reserved88_IRQHandler
                0x00000450                CAN0_ORed_IRQHandler
                0x00000450                HardFault_Handler
                0x00000450                Reserved86_IRQHandler
                0x00000450                Reserved103_IRQHandler
                0x00000450                SysTick_Handler
                0x00000450                FTM2_Ovf_Reload_IRQHandler
                0x00000450                Reserved50_IRQHandler
                0x00000450                FTFC_Fault_IRQHandler
                0x00000450                FTM0_Ch6_Ch7_IRQHandler
                0x00000450                Reserved114_IRQHandler
                0x00000450                PendSV_Handler
                0x00000450                NMI_Handler
                0x00000450                Reserved89_IRQHandler
                0x00000450                ERM_double_fault_IRQHandler
                0x00000450                DMA2_IRQHandler
                0x00000450                Reserved59_IRQHandler
                0x00000450                LPIT0_Ch0_IRQHandler
                0x00000450                Reserved99_IRQHandler
                0x00000450                FTM3_Ch6_Ch7_IRQHandler
                0x00000450                CAN2_ORed_0_15_MB_IRQHandler
                0x00000450                LPIT0_Ch3_IRQHandler
                0x00000450                Reserved92_IRQHandler
                0x00000450                FTM0_Ch4_Ch5_IRQHandler
                0x00000450                CAN1_Error_IRQHandler
                0x00000450                FTM3_Ch0_Ch1_IRQHandler
                0x00000450                SWI_IRQHandler
                0x00000450                ADC0_IRQHandler
                0x00000450                FTM2_Ch4_Ch5_IRQHandler
                0x00000450                UsageFault_Handler
                0x00000450                FTM0_Ovf_Reload_IRQHandler
                0x00000450                DefaultISR
                0x00000450                DMA9_IRQHandler
                0x00000450                Reserved58_IRQHandler
                0x00000450                CAN1_ORed_0_15_MB_IRQHandler
                0x00000450                FTM1_Ch2_Ch3_IRQHandler
                0x00000450                DMA14_IRQHandler
                0x00000450                Reserved82_IRQHandler
                0x00000450                CAN0_ORed_16_31_MB_IRQHandler
                0x00000450                LPI2C0_Slave_IRQHandler
                0x00000450                Reserved71_IRQHandler
                0x00000450                PORTD_IRQHandler
                0x00000450                Reserved69_IRQHandler
                0x00000450                PORTB_IRQHandler
                0x00000450                Reserved70_IRQHandler
                0x00000450                ADC1_IRQHandler
                0x00000450                FTM2_Ch2_Ch3_IRQHandler
                0x00000450                Reserved53_IRQHandler
                0x00000450                DMA5_IRQHandler
                0x00000450                RTC_IRQHandler
                0x00000450                PDB0_IRQHandler
                0x00000450                Reserved54_IRQHandler
                0x00000450                FTM2_Ch6_Ch7_IRQHandler
                0x00000450                FTM3_Ch2_Ch3_IRQHandler
                0x00000450                FTM2_Ch0_Ch1_IRQHandler
                0x00000450                LPSPI1_IRQHandler
                0x00000450                LPUART1_RxTx_IRQHandler
                0x00000450                RTC_Seconds_IRQHandler
                0x00000450                CAN2_ORed_IRQHandler
                0x00000450                Reserved72_IRQHandler
                0x00000450                Reserved110_IRQHandler
                0x00000450                DMA11_IRQHandler
                0x00000450                Reserved107_IRQHandler
                0x00000450                Read_Collision_IRQHandler
                0x00000450                CAN2_Error_IRQHandler
                0x00000450                FTFC_IRQHandler
                0x00000450                DMA7_IRQHandler
                0x00000450                FTM1_Ch6_Ch7_IRQHandler
                0x00000450                Reserved105_IRQHandler
                0x00000450                LPIT0_Ch1_IRQHandler
                0x00000450                FTM1_Ch4_Ch5_IRQHandler
                0x00000450                FTM3_Ovf_Reload_IRQHandler
                0x00000450                LPUART2_RxTx_IRQHandler
                0x00000450                LPSPI0_IRQHandler
                0x00000450                WDOG_EWM_IRQHandler
                0x00000450                MemManage_Handler
                0x00000450                Reserved90_IRQHandler
                0x00000450                Reserved83_IRQHandler
                0x00000450                FTM0_Fault_IRQHandler
                0x00000450                Reserved48_IRQHandler
                0x00000450                SVC_Handler
                0x00000450                ERM_single_fault_IRQHandler
                0x00000450                FTM2_Fault_IRQHandler
                0x00000450                FTM0_Ch2_Ch3_IRQHandler
                0x00000450                DMA13_IRQHandler
                0x00000450                FTM0_Ch0_Ch1_IRQHandler
                0x00000450                FTM3_Fault_IRQHandler
                0x00000450                RCM_IRQHandler
                0x00000450                DMA3_IRQHandler
                0x00000450                Reserved100_IRQHandler
                0x00000450                DMA0_IRQHandler
                0x00000450                Reserved91_IRQHandler
                0x00000450                CAN1_ORed_IRQHandler
                0x00000450                DMA15_IRQHandler
                0x00000450                SCG_IRQHandler
                0x00000450                PDB1_IRQHandler
                0x00000450                Reserved81_IRQHandler
                0x00000450                Reserved46_IRQHandler
                0x00000450                Reserved45_IRQHandler
                0x00000450                CAN0_Error_IRQHandler
                0x00000450                Reserved112_IRQHandler
                0x00000450                LPI2C0_Master_IRQHandler
                0x00000450                DMA4_IRQHandler
                0x00000450                FTM1_Fault_IRQHandler
                0x00000450                Reserved106_IRQHandler
                0x00000450                DMA_Error_IRQHandler
                0x00000450                LVD_LVW_IRQHandler
                0x00000450                LPIT0_Ch2_IRQHandler
                0x00000450                PORTA_IRQHandler
                0x00000450                MCM_IRQHandler
                0x00000450                LPSPI2_IRQHandler
                0x00000450                DMA12_IRQHandler
                0x00000450                FTM3_Ch4_Ch5_IRQHandler
                0x00000450                CAN0_ORed_0_15_MB_IRQHandler
                0x00000450                PORTE_IRQHandler
                0x00000450                LPUART0_RxTx_IRQHandler
                0x00000450                LPTMR0_IRQHandler
                0x00000450                BusFault_Handler
                0x00000450                Reserved87_IRQHandler
                0x00000450                FTM1_Ovf_Reload_IRQHandler
                0x00000450                DMA8_IRQHandler
                0x00000450                Reserved93_IRQHandler
                0x00000450                DMA10_IRQHandler
                0x00000450                CAN0_Wake_Up_IRQHandler
                0x00000450                CMP0_IRQHandler
                0x00000450                Reserved52_IRQHandler
                0x00000450                PORTC_IRQHandler
                0x00000450                DMA6_IRQHandler
                0x00000450                FTM1_Ch0_Ch1_IRQHandler
                0x00000450                FLEXIO_IRQHandler
                0x00000450                DMA1_IRQHandler
                0x00000450                Reserved113_IRQHandler
 *(.text*)
 .text.WDOG_disable
                0x00000454       0x2c ./src/Appl.o
                0x00000454                WDOG_disable
 .text.main     0x00000480       0x8c ./src/Appl.o
                0x00000480                main
 .text.SystemInit
                0x0000050c       0x30 ./Project_Settings/Startup_Code/system_S32K144.o
                0x0000050c                SystemInit
 .text.init_data_bss
                0x0000053c       0xf4 ./Project_Settings/Startup_Code/startup.o
                0x0000053c                init_data_bss
 *(.rodata)
 *(.rodata*)
 *(.glue_7)
 .glue_7        0x00000000        0x0 linker stubs
 *(.glue_7t)
 .glue_7t       0x00000000        0x0 linker stubs
 *(.eh_frame)
 *(.init)
 *(.fini)
                0x00000630                . = ALIGN (0x4)

.vfp11_veneer   0x00000630        0x0
 .vfp11_veneer  0x00000000        0x0 linker stubs

.v4_bx          0x00000630        0x0
 .v4_bx         0x00000000        0x0 linker stubs

.iplt           0x00000630        0x0
 .iplt          0x00000000        0x0 D:/NXP/S32DS_ARM_v2.0/S32DS/arm_ewl2/lib/armv7e-m/__arm_start.o

.rel.dyn        0x00000630        0x0
 .rel.iplt      0x00000000        0x0 D:/NXP/S32DS_ARM_v2.0/S32DS/arm_ewl2/lib/armv7e-m/__arm_start.o

.ARM.extab
 *(.ARM.extab* .gnu.linkonce.armextab.*)

.ARM            0x00000630        0x0
                0x00000630                __exidx_start = .
 *(.ARM.exidx*)
                0x00000630                __exidx_end = .

.ctors          0x00000630        0x0
                0x00000630                __CTOR_LIST__ = .
 *crtbegin.o(.ctors)
 *crtbegin?.o(.ctors)
 *(EXCLUDE_FILE(*crtend.o *crtend?.o) .ctors)
 *(SORT(.ctors.*))
 *(.ctors)
                0x00000630                __CTOR_END__ = .

.dtors          0x00000630        0x0
                0x00000630                __DTOR_LIST__ = .
 *crtbegin.o(.dtors)
 *crtbegin?.o(.dtors)
 *(EXCLUDE_FILE(*crtend.o *crtend?.o) .dtors)
 *(SORT(.dtors.*))
 *(.dtors)
                0x00000630                __DTOR_END__ = .

.preinit_array  0x00000630        0x0
                0x00000630                PROVIDE (__preinit_array_start, .)
 *(.preinit_array*)
                0x00000630                PROVIDE (__preinit_array_end, .)

.init_array     0x00000630        0x0
                0x00000630                PROVIDE (__init_array_start, .)
 *(SORT(.init_array.*))
 *(.init_array*)
                0x00000630                PROVIDE (__init_array_end, .)

.fini_array     0x00000630        0x0
                0x00000630                PROVIDE (__fini_array_start, .)
 *(SORT(.fini_array.*))
 *(.fini_array*)
                0x00000630                PROVIDE (__fini_array_end, .)
                0x00000630                __etext = .
                0x00000630                __DATA_ROM = .

.interrupts_ram
                0x1fff8000      0x400
                0x1fff8000                . = ALIGN (0x4)
                0x1fff8000                __VECTOR_RAM__ = .
                0x1fff8000                __interrupts_ram_start__ = .
 *(.m_interrupts_ram)
                0x1fff8400                . = (. + M_VECTOR_RAM_SIZE)
 *fill*         0x1fff8000      0x400 
                0x1fff8400                . = ALIGN (0x4)
                0x1fff8400                __interrupts_ram_end__ = .
                0x1fff8000                __VECTOR_RAM = DEFINED (__flash_vector_table__)?ORIGIN (m_interrupts):__VECTOR_RAM__
                0x00000400                __RAM_VECTOR_TABLE_SIZE = DEFINED (__flash_vector_table__)?0x0:(__interrupts_ram_end__ - __interrupts_ram_start__)

.data           0x1fff8400        0x0 load address 0x00000630
                0x1fff8400                . = ALIGN (0x4)
                0x1fff8400                __DATA_RAM = .
                0x1fff8400                __data_start__ = .
 *(.data)
 *(.data*)
 *(.jcr*)
                0x1fff8400                . = ALIGN (0x4)
                0x1fff8400                __data_end__ = .
                0x00000630                __DATA_END = (__DATA_ROM + (__data_end__ - __data_start__))
                0x00000630                __CODE_ROM = __DATA_END

.igot.plt       0x1fff8400        0x0
 .igot.plt      0x00000000        0x0 D:/NXP/S32DS_ARM_v2.0/S32DS/arm_ewl2/lib/armv7e-m/__arm_start.o

.code           0x1fff8400        0x0 load address 0x00000630
                0x1fff8400                . = ALIGN (0x4)
                0x1fff8400                __CODE_RAM = .
                0x1fff8400                __code_start__ = .
 *(.code_ram)
                0x1fff8400                . = ALIGN (0x4)
                0x1fff8400                __code_end__ = .
                0x00000630                __CODE_END = (__CODE_ROM + (__code_end__ - __code_start__))

.customSectionBlock
 *(.customSection)

.bss            0x20000000        0x0
                0x20000000                . = ALIGN (0x4)
                0x20000000                __BSS_START = .
                0x20000000                __bss_start__ = .
 *(.bss)
 *(.bss*)
 *(COMMON)
                0x20000000                . = ALIGN (0x4)
                0x20000000                __bss_end__ = .
                0x20000000                __BSS_END = .

.heap           0x20000000      0x400
                0x20000000                . = ALIGN (0x8)
                0x20000000                __end__ = .
                0x20000000                PROVIDE (end, .)
                0x20000000                PROVIDE (_end, .)
                0x20000000                PROVIDE (__end, .)
                0x20000000                __HeapBase = .
                0x20000400                . = (. + HEAP_SIZE)
 *fill*         0x20000000      0x400 
                0x20000400                __HeapLimit = .
                0x20000400                __heap_limit = .

.stack          0x20000400      0x400
                0x20000400                . = ALIGN (0x8)
                0x20000800                . = (. + STACK_SIZE)
 *fill*         0x20000400      0x400 
                0x20007000                __StackTop = (ORIGIN (m_data_2) + 0x7000)
                0x20006c00                __StackLimit = (__StackTop - STACK_SIZE)
                0x20007000                PROVIDE (__stack, __StackTop)

.ARM.attributes
                0x00000000       0x31
 *(.ARM.attributes)
 .ARM.attributes
                0x00000000       0x33 ./src/Appl.o
 .ARM.attributes
                0x00000033       0x33 ./Project_Settings/Startup_Code/system_S32K144.o
 .ARM.attributes
                0x00000066       0x1b ./Project_Settings/Startup_Code/startup_S32K144.o
 .ARM.attributes
                0x00000081       0x33 ./Project_Settings/Startup_Code/startup.o
                0x00000001                ASSERT ((__StackLimit >= __HeapLimit), region m_data_2 overflowed with stack and heap)
OUTPUT(S32K144.elf elf32-littlearm)

.debug_info     0x00000000      0xbf9
 .debug_info    0x00000000      0x27f ./src/Appl.o
 .debug_info    0x0000027f      0x500 ./Project_Settings/Startup_Code/system_S32K144.o
 .debug_info    0x0000077f       0x8f ./Project_Settings/Startup_Code/startup_S32K144.o
 .debug_info    0x0000080e      0x3eb ./Project_Settings/Startup_Code/startup.o

.debug_abbrev   0x00000000      0x30d
 .debug_abbrev  0x00000000       0xe0 ./src/Appl.o
 .debug_abbrev  0x000000e0      0x118 ./Project_Settings/Startup_Code/system_S32K144.o
 .debug_abbrev  0x000001f8       0x14 ./Project_Settings/Startup_Code/startup_S32K144.o
 .debug_abbrev  0x0000020c      0x101 ./Project_Settings/Startup_Code/startup.o

.debug_aranges  0x00000000       0x98
 .debug_aranges
                0x00000000       0x28 ./src/Appl.o
 .debug_aranges
                0x00000028       0x30 ./Project_Settings/Startup_Code/system_S32K144.o
 .debug_aranges
                0x00000058       0x20 ./Project_Settings/Startup_Code/startup_S32K144.o
 .debug_aranges
                0x00000078       0x20 ./Project_Settings/Startup_Code/startup.o

.debug_ranges   0x00000000       0x48
 .debug_ranges  0x00000000       0x18 ./src/Appl.o
 .debug_ranges  0x00000018       0x20 ./Project_Settings/Startup_Code/system_S32K144.o
 .debug_ranges  0x00000038       0x10 ./Project_Settings/Startup_Code/startup.o

.debug_macro    0x00000000     0xfb8b
 .debug_macro   0x00000000       0xb2 ./src/Appl.o
 .debug_macro   0x000000b2      0x86e ./src/Appl.o
 .debug_macro   0x00000920       0x52 ./src/Appl.o
 .debug_macro   0x00000972       0xa0 ./src/Appl.o
 .debug_macro   0x00000a12       0x16 ./src/Appl.o
 .debug_macro   0x00000a28       0x19 ./src/Appl.o
 .debug_macro   0x00000a41       0x64 ./src/Appl.o
 .debug_macro   0x00000aa5      0x185 ./src/Appl.o
 .debug_macro   0x00000c2a      0x140 ./src/Appl.o
 .debug_macro   0x00000d6a       0x9d ./src/Appl.o
 .debug_macro   0x00000e07       0x10 ./src/Appl.o
 .debug_macro   0x00000e17      0x15b ./src/Appl.o
 .debug_macro   0x00000f72       0x28 ./src/Appl.o
 .debug_macro   0x00000f9a       0x58 ./src/Appl.o
 .debug_macro   0x00000ff2     0xdf8d ./src/Appl.o
 .debug_macro   0x0000ef7f       0xe9 ./Project_Settings/Startup_Code/system_S32K144.o
 .debug_macro   0x0000f068       0x10 ./Project_Settings/Startup_Code/system_S32K144.o
 .debug_macro   0x0000f078       0x6d ./Project_Settings/Startup_Code/system_S32K144.o
 .debug_macro   0x0000f0e5      0x978 ./Project_Settings/Startup_Code/system_S32K144.o
 .debug_macro   0x0000fa5d       0x22 ./Project_Settings/Startup_Code/system_S32K144.o
 .debug_macro   0x0000fa7f       0x22 ./Project_Settings/Startup_Code/system_S32K144.o
 .debug_macro   0x0000faa1       0xea ./Project_Settings/Startup_Code/startup.o

.debug_line     0x00000000      0x73c
 .debug_line    0x00000000      0x1c8 ./src/Appl.o
 .debug_line    0x000001c8      0x296 ./Project_Settings/Startup_Code/system_S32K144.o
 .debug_line    0x0000045e       0x83 ./Project_Settings/Startup_Code/startup_S32K144.o
 .debug_line    0x000004e1      0x25b ./Project_Settings/Startup_Code/startup.o

.debug_str      0x00000000    0x6261e
 .debug_str     0x00000000    0x5dc7d ./src/Appl.o
                              0x5dd0d (size before relaxing)
 .debug_str     0x0005dc7d     0x4881 ./Project_Settings/Startup_Code/system_S32K144.o
                              0x624fc (size before relaxing)
 .debug_str     0x000624fe      0x120 ./Project_Settings/Startup_Code/startup.o
                              0x62433 (size before relaxing)

.comment        0x00000000       0x70
 .comment       0x00000000       0x70 ./src/Appl.o
                                 0x71 (size before relaxing)
 .comment       0x00000000       0x71 ./Project_Settings/Startup_Code/system_S32K144.o
 .comment       0x00000000       0x71 ./Project_Settings/Startup_Code/startup.o

.debug_frame    0x00000000      0x108
 .debug_frame   0x00000000       0x50 ./src/Appl.o
 .debug_frame   0x00000050       0x80 ./Project_Settings/Startup_Code/system_S32K144.o
 .debug_frame   0x000000d0       0x38 ./Project_Settings/Startup_Code/startup.o
