Archive member included because of file (symbol)

D:/NXP/S32DS_ARM_v2.0/S32DS/arm_ewl2/lib/armv7e-m\libc99.a(exit.o)
                              D:/NXP/S32DS_ARM_v2.0/S32DS/arm_ewl2/lib/armv7e-m/__arm_start.o (exit)
D:/NXP/S32DS_ARM_v2.0/S32DS/arm_ewl2/lib/armv7e-m\libc99.a(memset.o)
                              D:/NXP/S32DS_ARM_v2.0/S32DS/arm_ewl2/lib/armv7e-m/__arm_start.o (memset)
D:/NXP/S32DS_ARM_v2.0/S32DS/arm_ewl2/lib/armv7e-m\libc99.a(__filll_mem.o)
                              D:/NXP/S32DS_ARM_v2.0/S32DS/arm_ewl2/lib/armv7e-m\libc99.a(memset.o) (__fill_mem)
D:/NXP/S32DS_ARM_v2.0/S32DS/arm_ewl2/lib/armv7e-m\librt.a(gcc_ctor_dtor.o)
                              D:/NXP/S32DS_ARM_v2.0/S32DS/arm_ewl2/lib/armv7e-m/__arm_start.o (__init_cpp)
D:/NXP/S32DS_ARM_v2.0/S32DS/arm_ewl2/lib/armv7e-m\librt.a(__arm_eabi_init.o)
                              D:/NXP/S32DS_ARM_v2.0/S32DS/arm_ewl2/lib/armv7e-m\libc99.a(exit.o) (__destroy_global_chain)
D:/NXP/S32DS_ARM_v2.0/S32DS/arm_ewl2/lib/armv7e-m\librt.a(ROMCopy.o)
                              D:/NXP/S32DS_ARM_v2.0/S32DS/arm_ewl2/lib/armv7e-m/__arm_start.o (__copy_rom_sections_to_ram)

Allocating common symbols
Common symbol       size              file

Det_ErrorId         0x1               ./Mcal/Det_TS_T40D2M10I1R0/src/Det.o
Det_RuntimeErrorId  0x1               ./Mcal/Det_TS_T40D2M10I1R0/src/Det.o
osEE_kcb_var        0x4               ./Os/S32K144EVB/out/ee_applcfg.o
Det_RuntimeModuleId
                    0x2               ./Mcal/Det_TS_T40D2M10I1R0/src/Det.o
Det_TransientFaultId
                    0x1               ./Mcal/Det_TS_T40D2M10I1R0/src/Det.o
Det_InstanceId      0x1               ./Mcal/Det_TS_T40D2M10I1R0/src/Det.o
Det_TransientApiId  0x1               ./Mcal/Det_TS_T40D2M10I1R0/src/Det.o
Adc_aUnitStatus     0x14              ./Mcal/Adc_TS_T40D2M10I1R0/src/Adc.o
Det_ApiId           0x1               ./Mcal/Det_TS_T40D2M10I1R0/src/Det.o
Det_TransientModuleId
                    0x2               ./Mcal/Det_TS_T40D2M10I1R0/src/Det.o
Det_RuntimeApiId    0x1               ./Mcal/Det_TS_T40D2M10I1R0/src/Det.o
Adc_aGroupStatus    0x18              ./Mcal/Adc_TS_T40D2M10I1R0/src/Adc.o
Det_ModuleId        0x2               ./Mcal/Det_TS_T40D2M10I1R0/src/Det.o
Det_TransientInstanceId
                    0x1               ./Mcal/Det_TS_T40D2M10I1R0/src/Det.o
Det_RuntimeInstanceId
                    0x1               ./Mcal/Det_TS_T40D2M10I1R0/src/Det.o

Discarded input sections

 .text          0x00000000        0x0 D:/NXP/S32DS_ARM_v2.0/S32DS/arm_ewl2/lib/armv7e-m/__arm_start.o
 .data          0x00000000        0x0 D:/NXP/S32DS_ARM_v2.0/S32DS/arm_ewl2/lib/armv7e-m/__arm_start.o
 .bss           0x00000000        0x0 D:/NXP/S32DS_ARM_v2.0/S32DS/arm_ewl2/lib/armv7e-m/__arm_start.o
 .text.__thumb_startup
                0x00000000       0x3c D:/NXP/S32DS_ARM_v2.0/S32DS/arm_ewl2/lib/armv7e-m/__arm_start.o
 .text.__iar_program_start
                0x00000000        0x4 D:/NXP/S32DS_ARM_v2.0/S32DS/arm_ewl2/lib/armv7e-m/__arm_start.o
 .bss.argv      0x00000000        0x4 D:/NXP/S32DS_ARM_v2.0/S32DS/arm_ewl2/lib/armv7e-m/__arm_start.o
 .debug_info    0x00000000      0x144 D:/NXP/S32DS_ARM_v2.0/S32DS/arm_ewl2/lib/armv7e-m/__arm_start.o
 .debug_abbrev  0x00000000       0xc0 D:/NXP/S32DS_ARM_v2.0/S32DS/arm_ewl2/lib/armv7e-m/__arm_start.o
 .debug_aranges
                0x00000000       0x28 D:/NXP/S32DS_ARM_v2.0/S32DS/arm_ewl2/lib/armv7e-m/__arm_start.o
 .debug_line    0x00000000       0x68 D:/NXP/S32DS_ARM_v2.0/S32DS/arm_ewl2/lib/armv7e-m/__arm_start.o
 .debug_str     0x00000000      0x270 D:/NXP/S32DS_ARM_v2.0/S32DS/arm_ewl2/lib/armv7e-m/__arm_start.o
 .comment       0x00000000       0x71 D:/NXP/S32DS_ARM_v2.0/S32DS/arm_ewl2/lib/armv7e-m/__arm_start.o
 .debug_frame   0x00000000       0x30 D:/NXP/S32DS_ARM_v2.0/S32DS/arm_ewl2/lib/armv7e-m/__arm_start.o
 .ARM.attributes
                0x00000000       0x33 D:/NXP/S32DS_ARM_v2.0/S32DS/arm_ewl2/lib/armv7e-m/__arm_start.o
 .group         0x00000000        0x8 ./src/TaskEntity.o
 .group         0x00000000        0x8 ./src/TaskEntity.o
 .group         0x00000000        0x8 ./src/TaskEntity.o
 .group         0x00000000        0x8 ./src/TaskEntity.o
 .group         0x00000000        0x8 ./src/TaskEntity.o
 .group         0x00000000        0x8 ./src/TaskEntity.o
 .group         0x00000000        0x8 ./src/TaskEntity.o
 .group         0x00000000        0x8 ./src/TaskEntity.o
 .group         0x00000000        0x8 ./src/TaskEntity.o
 .group         0x00000000        0x8 ./src/TaskEntity.o
 .group         0x00000000        0x8 ./src/TaskEntity.o
 .group         0x00000000        0x8 ./src/TaskEntity.o
 .group         0x00000000        0x8 ./src/TaskEntity.o
 .group         0x00000000        0x8 ./src/TaskEntity.o
 .group         0x00000000        0x8 ./src/TaskEntity.o
 .group         0x00000000        0x8 ./src/TaskEntity.o
[...]
Memory Configuration

Name             Origin             Length             Attributes
m_interrupts     0x00000000         0x00000400         xr
m_flash_config   0x00000400         0x00000010         xr
m_text           0x00000410         0x0007fbf0         xr
m_data           0x1fff8000         0x00008000         rw
m_data_2         0x20000000         0x00007000         rw
*default*        0x00000000         0xffffffff

Linker script and memory map

LOAD D:/NXP/S32DS_ARM_v2.0/S32DS/arm_ewl2/lib/armv7e-m/__arm_start.o
LOAD ./src/TaskEntity.o
LOAD ./src/InterruptServices.o
LOAD ./src/Appl.o
LOAD ./Project_Settings/Startup_Code/system_S32K144.o
LOAD ./Project_Settings/Startup_Code/startup_S32K144.o
LOAD ./Project_Settings/Startup_Code/startup.o
LOAD ./Os/S32K144EVB/out/ee_applcfg.o
LOAD ./Os/S32K144EVB/erika/src/ee_std_hal_init.o
LOAD ./Os/S32K144EVB/erika/src/ee_std_change_context.o
LOAD ./Os/S32K144EVB/erika/src/ee_s32k1xx_intvect.o
LOAD ./Os/S32K144EVB/erika/src/ee_oscfg.o
LOAD ./Os/S32K144EVB/erika/src/ee_oo_scheduler.o
LOAD ./Os/S32K144EVB/erika/src/ee_oo_sched_partitioned.o
LOAD ./Os/S32K144EVB/erika/src/ee_oo_sched_entry_points.o
LOAD ./Os/S32K144EVB/erika/src/ee_oo_kernel.o
LOAD ./Os/S32K144EVB/erika/src/ee_oo_api_osek.o
LOAD ./Os/S32K144EVB/erika/src/ee_cortex_m_system.o
LOAD ./Os/S32K144EVB/erika/src/ee_cortex_m_irqstub.o
LOAD ./Os/S32K144EVB/erika/src/ee_cortex_m_irq_asm.o
LOAD ./Os/S32K144EVB/erika/src/ee_cortex_m_change_context.o
LOAD ./Os/S32K144EVB/erika/src/ee_cortex_m_asm.o
LOAD ./Os/.metadata/.plugins/org.eclipse.cdt.managedbuilder.core/spec.o
LOAD ./Os/.metadata/.plugins/org.eclipse.cdt.make.core/specs.o
LOAD ./Mcal/Rte_TS_T40D2M10I1R0/src/SchM_Wdg.o
LOAD ./Mcal/Rte_TS_T40D2M10I1R0/src/SchM_Spi.o
LOAD ./Mcal/Rte_TS_T40D2M10I1R0/src/SchM_RamTst.o
LOAD ./Mcal/Rte_TS_T40D2M10I1R0/src/SchM_Pwm.o
LOAD ./Mcal/Rte_TS_T40D2M10I1R0/src/SchM_Port.o
LOAD ./Mcal/Rte_TS_T40D2M10I1R0/src/SchM_Ocu.o
LOAD ./Mcal/Rte_TS_T40D2M10I1R0/src/SchM_Mcu.o
LOAD ./Mcal/Rte_TS_T40D2M10I1R0/src/SchM_Mcl.o
LOAD ./Mcal/Rte_TS_T40D2M10I1R0/src/SchM_Mcem.o
LOAD ./Mcal/Rte_TS_T40D2M10I1R0/src/SchM_Lin.o
LOAD ./Mcal/Rte_TS_T40D2M10I1R0/src/SchM_Iseled.o
LOAD ./Mcal/Rte_TS_T40D2M10I1R0/src/SchM_Icu.o
LOAD ./Mcal/Rte_TS_T40D2M10I1R0/src/SchM_I2c.o
LOAD ./Mcal/Rte_TS_T40D2M10I1R0/src/SchM_Gpt.o
LOAD ./Mcal/Rte_TS_T40D2M10I1R0/src/SchM_Fr.o
LOAD ./Mcal/Rte_TS_T40D2M10I1R0/src/SchM_Fls.o
LOAD ./Mcal/Rte_TS_T40D2M10I1R0/src/SchM_Fee.o
LOAD ./Mcal/Rte_TS_T40D2M10I1R0/src/SchM_Eth.o
LOAD ./Mcal/Rte_TS_T40D2M10I1R0/src/SchM_Eep.o
LOAD ./Mcal/Rte_TS_T40D2M10I1R0/src/SchM_Dio.o
LOAD ./Mcal/Rte_TS_T40D2M10I1R0/src/SchM_Crcu.o
LOAD ./Mcal/Rte_TS_T40D2M10I1R0/src/SchM_Can.o
LOAD ./Mcal/Rte_TS_T40D2M10I1R0/src/SchM_Adc.o
LOAD ./Mcal/Pwm_TS_T40D2M10I1R0/src/Pwm_Ipw.o
LOAD ./Mcal/Pwm_TS_T40D2M10I1R0/src/Pwm_Ftm.o
LOAD ./Mcal/Pwm_TS_T40D2M10I1R0/src/Pwm_FlexIO.o
LOAD ./Mcal/Pwm_TS_T40D2M10I1R0/src/Pwm.o
LOAD ./Mcal/Port_TS_T40D2M10I1R0/src/Port_Port_Ci.o
LOAD ./Mcal/Port_TS_T40D2M10I1R0/src/Port_Ipw.o
LOAD ./Mcal/Port_TS_T40D2M10I1R0/src/Port.o
LOAD ./Mcal/Mcu_TS_T40D2M10I1R0/src/Mcu_SMC.o
LOAD ./Mcal/Mcu_TS_T40D2M10I1R0/src/Mcu_SIM.o
LOAD ./Mcal/Mcu_TS_T40D2M10I1R0/src/Mcu_SCG.o
LOAD ./Mcal/Mcu_TS_T40D2M10I1R0/src/Mcu_RCM_Irq.o
LOAD ./Mcal/Mcu_TS_T40D2M10I1R0/src/Mcu_RCM.o
LOAD ./Mcal/Mcu_TS_T40D2M10I1R0/src/Mcu_PMC_Irq.o
LOAD ./Mcal/Mcu_TS_T40D2M10I1R0/src/Mcu_PMC.o
LOAD ./Mcal/Mcu_TS_T40D2M10I1R0/src/Mcu_PCC.o
LOAD ./Mcal/Mcu_TS_T40D2M10I1R0/src/Mcu_IPW_Irq.o
LOAD ./Mcal/Mcu_TS_T40D2M10I1R0/src/Mcu_IPW.o
LOAD ./Mcal/Mcu_TS_T40D2M10I1R0/src/Mcu_CortexM4.o
LOAD ./Mcal/Mcu_TS_T40D2M10I1R0/src/Mcu_CMU_Irq.o
LOAD ./Mcal/Mcu_TS_T40D2M10I1R0/src/Mcu_CMU.o
LOAD ./Mcal/Mcu_TS_T40D2M10I1R0/src/Mcu.o
LOAD ./Mcal/Gpt_TS_T40D2M10I1R0/src/Gpt_SRtc.o
LOAD ./Mcal/Gpt_TS_T40D2M10I1R0/src/Gpt_Lptmr.o
LOAD ./Mcal/Gpt_TS_T40D2M10I1R0/src/Gpt_LPit.o
LOAD ./Mcal/Gpt_TS_T40D2M10I1R0/src/Gpt_Ipw.o
LOAD ./Mcal/Gpt_TS_T40D2M10I1R0/src/Gpt_Ftm.o
LOAD ./Mcal/Gpt_TS_T40D2M10I1R0/src/Gpt.o
LOAD ./Mcal/Dio_TS_T40D2M10I1R0/src/Dio_Gpio.o
LOAD ./Mcal/Dio_TS_T40D2M10I1R0/src/Dio.o
LOAD ./Mcal/Det_TS_T40D2M10I1R0/src/Det.o
LOAD ./Mcal/Adc_TS_T40D2M10I1R0/src/Adc_Pdb_Irq.o
LOAD ./Mcal/Adc_TS_T40D2M10I1R0/src/Adc_Pdb.o
LOAD ./Mcal/Adc_TS_T40D2M10I1R0/src/Adc_Ipw.o
LOAD ./Mcal/Adc_TS_T40D2M10I1R0/src/Adc_Adc12bsarv2_Irq.o
LOAD ./Mcal/Adc_TS_T40D2M10I1R0/src/Adc_Adc12bsarv2.o
LOAD ./Mcal/Adc_TS_T40D2M10I1R0/src/Adc.o
LOAD ./EBCfg/WorkspaceS32K144_19_06_2019/output/generated/src/Pwm_PBcfg.o
LOAD ./EBCfg/WorkspaceS32K144_19_06_2019/output/generated/src/Port_PBcfg.o
LOAD ./EBCfg/WorkspaceS32K144_19_06_2019/output/generated/src/Port_Cfg.o
LOAD ./EBCfg/WorkspaceS32K144_19_06_2019/output/generated/src/Mcu_PBcfg.o
LOAD ./EBCfg/WorkspaceS32K144_19_06_2019/output/generated/src/Mcu_Cfg.o
LOAD ./EBCfg/WorkspaceS32K144_19_06_2019/output/generated/src/Gpt_PBcfg.o
LOAD ./EBCfg/WorkspaceS32K144_19_06_2019/output/generated/src/Gpt_Cfg.o
LOAD ./EBCfg/WorkspaceS32K144_19_06_2019/output/generated/src/Dio_Cfg.o
LOAD ./EBCfg/WorkspaceS32K144_19_06_2019/output/generated/src/CDD_Mcl_PBcfg.o
LOAD ./EBCfg/WorkspaceS32K144_19_06_2019/output/generated/src/CDD_Mcl_Cfg.o
LOAD ./EBCfg/WorkspaceS32K144_19_06_2019/output/generated/src/Adc_PBcfg.o
LOAD ./EBCfg/WorkspaceS32K144_19_06_2019/output/generated/src/Adc_Cfg.o
START GROUP
LOAD D:/NXP/S32DS_ARM_v2.0/S32DS/arm_ewl2/lib/armv7e-m\libc99.a
LOAD D:/NXP/S32DS_ARM_v2.0/S32DS/arm_ewl2/lib/armv7e-m\libm.a
LOAD d:/nxp/s32ds_arm_v2.0/cross_tools/gcc-arm-none-eabi-4_9/bin/../lib/gcc/arm-none-eabi/4.9.3/armv7e-m\libgcc.a
LOAD D:/NXP/S32DS_ARM_v2.0/S32DS/arm_ewl2/lib/armv7e-m\librt.a
END GROUP
LOAD D:/NXP/S32DS_ARM_v2.0/S32DS/arm_ewl2/lib/armv7e-m/__arm_end.o
                0x00000400                HEAP_SIZE = DEFINED (__heap_size__)?__heap_size__:0x400
                0x00000400                STACK_SIZE = DEFINED (__stack_size__)?__stack_size__:0x400
                0x00000400                M_VECTOR_RAM_SIZE = DEFINED (__flash_vector_table__)?0x0:0x400

.interrupts     0x00000000      0x400
                0x00000000                __VECTOR_TABLE = .
                0x00000000                . = ALIGN (0x4)
 *(.isr_vector)
 .isr_vector    0x00000000      0x400 ./Project_Settings/Startup_Code/startup_S32K144.o
                0x00000000                __isr_vector
                0x00000400                . = ALIGN (0x4)

.flash_config   0x00000400       0x10
                0x00000400                . = ALIGN (0x4)
 *(.FlashConfig)
 .FlashConfig   0x00000400       0x10 ./Project_Settings/Startup_Code/startup_S32K144.o
                0x00000410                . = ALIGN (0x4)

.text           0x00000410     0x2310
                0x00000410                . = ALIGN (0x4)
 *(.text)
 .text          0x00000410       0x44 ./Project_Settings/Startup_Code/startup_S32K144.o
                0x00000410                Reset_Handler
                0x00000450                DebugMon_Handler
                0x00000450                Reserved88_IRQHandler
                0x00000450                CAN0_ORed_IRQHandler
                0x00000450                HardFault_Handler
                0x00000450                Reserved86_IRQHandler
                0x00000450                Reserved103_IRQHandler
                0x00000450                SysTick_Handler
                0x00000450                FTM2_Ovf_Reload_IRQHandler
                0x00000450                Reserved50_IRQHandler
                0x00000450                FTFC_Fault_IRQHandler
                0x00000450                FTM0_Ch6_Ch7_IRQHandler
                0x00000450                Reserved114_IRQHandler
                0x00000450                NMI_Handler
                0x00000450                Reserved89_IRQHandler
                0x00000450                ERM_double_fault_IRQHandler
                0x00000450                DMA2_IRQHandler
                0x00000450                Reserved59_IRQHandler
                0x00000450                LPIT0_Ch0_IRQHandler
                0x00000450                Reserved99_IRQHandler
                0x00000450                FTM3_Ch6_Ch7_IRQHandler
                0x00000450                CAN2_ORed_0_15_MB_IRQHandler
                0x00000450                LPIT0_Ch3_IRQHandler
                0x00000450                Reserved92_IRQHandler
                0x00000450                FTM0_Ch4_Ch5_IRQHandler
                0x00000450                CAN1_Error_IRQHandler
                0x00000450                FTM3_Ch0_Ch1_IRQHandler
                0x00000450                SWI_IRQHandler
                0x00000450                ADC0_IRQHandler
                0x00000450                FTM2_Ch4_Ch5_IRQHandler
                0x00000450                UsageFault_Handler
                0x00000450                DefaultISR
                0x00000450                DMA9_IRQHandler
                0x00000450                Reserved58_IRQHandler
                0x00000450                CAN1_ORed_0_15_MB_IRQHandler
                0x00000450                FTM1_Ch2_Ch3_IRQHandler
                0x00000450                DMA14_IRQHandler
                0x00000450                Reserved82_IRQHandler
                0x00000450                CAN0_ORed_16_31_MB_IRQHandler
                0x00000450                LPI2C0_Slave_IRQHandler
                0x00000450                Reserved71_IRQHandler
                0x00000450                PORTD_IRQHandler
                0x00000450                Reserved69_IRQHandler
                0x00000450                PORTB_IRQHandler
                0x00000450                Reserved70_IRQHandler
                0x00000450                ADC1_IRQHandler
                0x00000450                FTM2_Ch2_Ch3_IRQHandler
                0x00000450                Reserved53_IRQHandler
                0x00000450                DMA5_IRQHandler
                0x00000450                RTC_IRQHandler
                0x00000450                PDB0_IRQHandler
                0x00000450                Reserved54_IRQHandler
                0x00000450                FTM2_Ch6_Ch7_IRQHandler
                0x00000450                FTM3_Ch2_Ch3_IRQHandler
                0x00000450                FTM2_Ch0_Ch1_IRQHandler
                0x00000450                LPSPI1_IRQHandler
                0x00000450                LPUART1_RxTx_IRQHandler
                0x00000450                RTC_Seconds_IRQHandler
                0x00000450                CAN2_ORed_IRQHandler
                0x00000450                Reserved72_IRQHandler
                0x00000450                Reserved110_IRQHandler
                0x00000450                DMA11_IRQHandler
                0x00000450                Reserved107_IRQHandler
                0x00000450                Read_Collision_IRQHandler
                0x00000450                CAN2_Error_IRQHandler
                0x00000450                FTFC_IRQHandler
                0x00000450                DMA7_IRQHandler
                0x00000450                FTM1_Ch6_Ch7_IRQHandler
                0x00000450                Reserved105_IRQHandler
                0x00000450                LPIT0_Ch1_IRQHandler
                0x00000450                FTM1_Ch4_Ch5_IRQHandler
                0x00000450                FTM3_Ovf_Reload_IRQHandler
                0x00000450                LPUART2_RxTx_IRQHandler
                0x00000450                LPSPI0_IRQHandler
                0x00000450                WDOG_EWM_IRQHandler
                0x00000450                MemManage_Handler
                0x00000450                Reserved90_IRQHandler
                0x00000450                Reserved83_IRQHandler
                0x00000450                FTM0_Fault_IRQHandler
                0x00000450                Reserved48_IRQHandler
                0x00000450                ERM_single_fault_IRQHandler
                0x00000450                FTM2_Fault_IRQHandler
                0x00000450                FTM0_Ch2_Ch3_IRQHandler
                0x00000450                DMA13_IRQHandler
                0x00000450                FTM0_Ch0_Ch1_IRQHandler
                0x00000450                FTM3_Fault_IRQHandler
                0x00000450                RCM_IRQHandler
                0x00000450                DMA3_IRQHandler
                0x00000450                Reserved100_IRQHandler
                0x00000450                DMA0_IRQHandler
                0x00000450                Reserved91_IRQHandler
                0x00000450                CAN1_ORed_IRQHandler
                0x00000450                DMA15_IRQHandler
                0x00000450                SCG_IRQHandler
                0x00000450                PDB1_IRQHandler
                0x00000450                Reserved81_IRQHandler
                0x00000450                Reserved46_IRQHandler
                0x00000450                Reserved45_IRQHandler
                0x00000450                CAN0_Error_IRQHandler
                0x00000450                Reserved112_IRQHandler
                0x00000450                LPI2C0_Master_IRQHandler
                0x00000450                DMA4_IRQHandler
                0x00000450                FTM1_Fault_IRQHandler
                0x00000450                Reserved106_IRQHandler
                0x00000450                DMA_Error_IRQHandler
                0x00000450                LVD_LVW_IRQHandler
                0x00000450                LPIT0_Ch2_IRQHandler
                0x00000450                PORTA_IRQHandler
                0x00000450                MCM_IRQHandler
                0x00000450                LPSPI2_IRQHandler
                0x00000450                DMA12_IRQHandler
                0x00000450                FTM3_Ch4_Ch5_IRQHandler
                0x00000450                CAN0_ORed_0_15_MB_IRQHandler
                0x00000450                PORTE_IRQHandler
                0x00000450                LPUART0_RxTx_IRQHandler
                0x00000450                LPTMR0_IRQHandler
                0x00000450                BusFault_Handler
                0x00000450                Reserved87_IRQHandler
                0x00000450                FTM1_Ovf_Reload_IRQHandler
                0x00000450                DMA8_IRQHandler
                0x00000450                Reserved93_IRQHandler
                0x00000450                DMA10_IRQHandler
                0x00000450                CAN0_Wake_Up_IRQHandler
                0x00000450                CMP0_IRQHandler
                0x00000450                Reserved52_IRQHandler
                0x00000450                DMA6_IRQHandler
                0x00000450                FTM1_Ch0_Ch1_IRQHandler
                0x00000450                FLEXIO_IRQHandler
                0x00000450                DMA1_IRQHandler
                0x00000450                Reserved113_IRQHandler
 .text          0x00000454       0x6c ./Os/S32K144EVB/erika/src/ee_cortex_m_irq_asm.o
                0x00000454                osEE_set_switch_context_pri
                0x0000046c                osEE_cortex_m_trigger_pend_sv
                0x00000474                PendSV_Handler
                0x0000048c                osEE_cortex_m_thread_end
                0x00000490                SVC_Handler
 .text          0x000004c0       0x8c ./Os/S32K144EVB/erika/src/ee_cortex_m_asm.o
                0x000004c0                osEE_hal_save_ctx_and_restore_ctx
                0x000004dc                osEE_hal_restore_ctx
                0x000004fc                osEE_hal_ready2stacked
                0x00000508                osEE_hal_save_ctx_and_ready2stacked
                0x00000524                osEE_hal_terminate_ctx
                0x0000052c                osEE_cortex_m_restore_ctx
 *(.text*)
 .text.FuncTask1
                0x0000054c        0xc ./src/TaskEntity.o
                0x0000054c                FuncTask1
 .text.FuncTask2
                0x00000558        0xc ./src/TaskEntity.o
                0x00000558                FuncTask2
 .text.ButtonsISR
                0x00000564        0xc ./src/InterruptServices.o
                0x00000564                ButtonsISR
 .text.TimerISR
                0x00000570        0xc ./src/InterruptServices.o
                0x00000570                TimerISR
 .text.idle_hook
                0x0000057c        0xc ./src/Appl.o
                0x0000057c                idle_hook
 .text.main     0x00000588       0x30 ./src/Appl.o
                0x00000588                main
 .text.SystemInit
                0x000005b8       0x30 ./Project_Settings/Startup_Code/system_S32K144.o
                0x000005b8                SystemInit
 .text.init_data_bss
                0x000005e8       0xf4 ./Project_Settings/Startup_Code/startup.o
                0x000005e8                init_data_bss
 .text.osEE_change_context_from_running
                0x000006dc       0x44 ./Os/S32K144EVB/erika/src/ee_std_change_context.o
                0x000006dc                osEE_change_context_from_running
 .text.osEE_change_context_from_task_end
                0x00000720       0x38 ./Os/S32K144EVB/erika/src/ee_std_change_context.o
                0x00000720                osEE_change_context_from_task_end
 .text.osEE_idle_task_terminate
                0x00000758       0x50 ./Os/S32K144EVB/erika/src/ee_std_change_context.o
                0x00000758                osEE_idle_task_terminate
 .text.PORTC_IRQHandler
                0x000007a8        0xc ./Os/S32K144EVB/erika/src/ee_s32k1xx_intvect.o
                0x000007a8                PORTC_IRQHandler
 .text.FTM0_Ovf_Reload_IRQHandler
                0x000007b4        0xc ./Os/S32K144EVB/erika/src/ee_s32k1xx_intvect.o
                0x000007b4                FTM0_Ovf_Reload_IRQHandler
 .text.osEE_call_post_task_hook
                0x000007c0       0x14 ./Os/S32K144EVB/erika/src/ee_oo_scheduler.o
 .text.osEE_scheduler_stk_next
                0x000007d4       0x4c ./Os/S32K144EVB/erika/src/ee_oo_scheduler.o
 .text.osEE_scheduler_rq_insert
                0x00000820       0x28 ./Os/S32K144EVB/erika/src/ee_oo_scheduler.o
                0x00000820                osEE_scheduler_rq_insert
 .text.osEE_scheduler_core_rq_preempt_stk
                0x00000848       0xa0 ./Os/S32K144EVB/erika/src/ee_oo_scheduler.o
                0x00000848                osEE_scheduler_core_rq_preempt_stk
 .text.osEE_sn_priority_insert
                0x000008e8       0xb0 ./Os/S32K144EVB/erika/src/ee_oo_scheduler.o
                0x000008e8                osEE_sn_priority_insert
 .text.osEE_scheduler_core_pop_running
                0x00000998       0x5c ./Os/S32K144EVB/erika/src/ee_oo_scheduler.o
                0x00000998                osEE_scheduler_core_pop_running
 .text.osEE_sn_alloc
                0x000009f4       0x2c ./Os/S32K144EVB/erika/src/ee_oo_sched_partitioned.o
 .text.osEE_sn_release
                0x00000a20       0x24 ./Os/S32K144EVB/erika/src/ee_oo_sched_partitioned.o
 .text.osEE_get_curr_core
                0x00000a44       0x14 ./Os/S32K144EVB/erika/src/ee_oo_sched_partitioned.o
 .text.osEE_lock_core
                0x00000a58       0x14 ./Os/S32K144EVB/erika/src/ee_oo_sched_partitioned.o
 .text.osEE_unlock_core
                0x00000a6c       0x14 ./Os/S32K144EVB/erika/src/ee_oo_sched_partitioned.o
 .text.osEE_scheduler_task_terminated
                0x00000a80       0xd8 ./Os/S32K144EVB/erika/src/ee_oo_sched_partitioned.o
                0x00000a80                osEE_scheduler_task_terminated
 .text.osEE_scheduler_task_preemption_point
                0x00000b58       0x58 ./Os/S32K144EVB/erika/src/ee_oo_sched_partitioned.o
                0x00000b58                osEE_scheduler_task_preemption_point
 .text.osEE_scheduler_task_set_running
                0x00000bb0       0x84 ./Os/S32K144EVB/erika/src/ee_oo_sched_partitioned.o
                0x00000bb0                osEE_scheduler_task_set_running
 .text.osEE_get_curr_core
                0x00000c34       0x14 ./Os/S32K144EVB/erika/src/ee_oo_sched_entry_points.o
 .text.osEE_get_kernel
                0x00000c48       0x14 ./Os/S32K144EVB/erika/src/ee_oo_sched_entry_points.o
 .text.osEE_hal_terminate_activation
                0x00000c5c       0x18 ./Os/S32K144EVB/erika/src/ee_oo_sched_entry_points.o
 .text.osEE_begin_primitive
                0x00000c74       0x38 ./Os/S32K144EVB/erika/src/ee_oo_sched_entry_points.o
 .text.osEE_end_primitive
                0x00000cac       0x20 ./Os/S32K144EVB/erika/src/ee_oo_sched_entry_points.o
 .text.osEE_call_error_hook
                0x00000ccc       0x18 ./Os/S32K144EVB/erika/src/ee_oo_sched_entry_points.o
 .text.osEE_set_service_id
                0x00000ce4       0x18 ./Os/S32K144EVB/erika/src/ee_oo_sched_entry_points.o
 .text.osEE_stack_monitoring
                0x00000cfc       0x14 ./Os/S32K144EVB/erika/src/ee_oo_sched_entry_points.o
 .text.osEE_release_all_m
                0x00000d10       0x4c ./Os/S32K144EVB/erika/src/ee_oo_sched_entry_points.o
 .text.osEE_scheduler_task_not_terminated
                0x00000d5c       0xa4 ./Os/S32K144EVB/erika/src/ee_oo_sched_entry_points.o
 .text.osEE_scheduler_task_wrapper_restore
                0x00000e00       0x40 ./Os/S32K144EVB/erika/src/ee_oo_sched_entry_points.o
                0x00000e00                osEE_scheduler_task_wrapper_restore
 .text.osEE_scheduler_task_wrapper_run
                0x00000e40       0x54 ./Os/S32K144EVB/erika/src/ee_oo_sched_entry_points.o
                0x00000e40                osEE_scheduler_task_wrapper_run
 .text.osEE_idle_hook_wrapper
                0x00000e94       0x54 ./Os/S32K144EVB/erika/src/ee_oo_sched_entry_points.o
                0x00000e94                osEE_idle_hook_wrapper
 .text.osEE_get_kernel
                0x00000ee8       0x14 ./Os/S32K144EVB/erika/src/ee_oo_kernel.o
 .text.osEE_task_end
                0x00000efc       0x44 ./Os/S32K144EVB/erika/src/ee_oo_kernel.o
                0x00000efc                osEE_task_end
 .text.osEE_activate_isr2
                0x00000f40       0x38 ./Os/S32K144EVB/erika/src/ee_oo_kernel.o
                0x00000f40                osEE_activate_isr2
 .text.osEE_get_curr_core
                0x00000f78       0x14 ./Os/S32K144EVB/erika/src/ee_oo_api_osek.o
 .text.osEE_hal_terminate_activation
                0x00000f8c       0x18 ./Os/S32K144EVB/erika/src/ee_oo_api_osek.o
 .text.osEE_orti_trace_service_entry
                0x00000fa4       0x28 ./Os/S32K144EVB/erika/src/ee_oo_api_osek.o
 .text.osEE_orti_trace_service_exit
                0x00000fcc       0x2c ./Os/S32K144EVB/erika/src/ee_oo_api_osek.o
 .text.osEE_begin_primitive
                0x00000ff8       0x38 ./Os/S32K144EVB/erika/src/ee_oo_api_osek.o
 .text.osEE_end_primitive
                0x00001030       0x20 ./Os/S32K144EVB/erika/src/ee_oo_api_osek.o
 .text.osEE_stack_monitoring
                0x00001050       0x14 ./Os/S32K144EVB/erika/src/ee_oo_api_osek.o
 .text.TerminateTask
                0x00001064       0xa4 ./Os/S32K144EVB/erika/src/ee_oo_api_osek.o
                0x00001064                TerminateTask
 .text.osEE_get_curr_core
                0x00001108       0x14 ./Os/S32K144EVB/erika/src/ee_cortex_m_irqstub.o
 .text.osEE_cortex_m_change_context_from_task_end
                0x0000111c       0x74 ./Os/S32K144EVB/erika/src/ee_cortex_m_irqstub.o
                0x0000111c                osEE_cortex_m_change_context_from_task_end
 .text.osEE_cortex_m_isr2_stub
                0x00001190       0x58 ./Os/S32K144EVB/erika/src/ee_cortex_m_irqstub.o
                0x00001190                osEE_cortex_m_isr2_stub
 .text.osEE_get_curr_core
                0x000011e8       0x14 ./Os/S32K144EVB/erika/src/ee_cortex_m_change_context.o
 .text.osEE_get_kernel
                0x000011fc       0x14 ./Os/S32K144EVB/erika/src/ee_cortex_m_change_context.o
 .text.osEE_cortex_m_scheduler_task_end
                0x00001210       0x88 ./Os/S32K144EVB/erika/src/ee_cortex_m_change_context.o
                0x00001210                osEE_cortex_m_scheduler_task_end
 .text.Port_Port_Ci_Init
                0x00001298      0x390 ./Mcal/Port_TS_T40D2M10I1R0/src/Port_Port_Ci.o
                0x00001298                Port_Port_Ci_Init
 .text.Port_Init
                0x00001628       0x34 ./Mcal/Port_TS_T40D2M10I1R0/src/Port.o
                0x00001628                Port_Init
 .text.Mcu_SMC_AllowedModesConfig
                0x0000165c       0x24 ./Mcal/Mcu_TS_T40D2M10I1R0/src/Mcu_SMC.o
                0x0000165c                Mcu_SMC_AllowedModesConfig
 .text.Mcu_SIM_Init
                0x00001680       0x98 ./Mcal/Mcu_TS_T40D2M10I1R0/src/Mcu_SIM.o
                0x00001680                Mcu_SIM_Init
 .text.Mcu_SIM_ClockConfig
                0x00001718       0x6c ./Mcal/Mcu_TS_T40D2M10I1R0/src/Mcu_SIM.o
                0x00001718                Mcu_SIM_ClockConfig
 .text.Mcu_SCG_SystemClockInit
                0x00001784       0x44 ./Mcal/Mcu_TS_T40D2M10I1R0/src/Mcu_SCG.o
                0x00001784                Mcu_SCG_SystemClockInit
 .text.Mcu_SCG_DropSystemClockToSirc
                0x000017c8       0xb0 ./Mcal/Mcu_TS_T40D2M10I1R0/src/Mcu_SCG.o
                0x000017c8                Mcu_SCG_DropSystemClockToSirc
 .text.Mcu_SCG_SoscInit
                0x00001878       0x80 ./Mcal/Mcu_TS_T40D2M10I1R0/src/Mcu_SCG.o
                0x00001878                Mcu_SCG_SoscInit
 .text.Mcu_SCG_SircInit
                0x000018f8       0x7c ./Mcal/Mcu_TS_T40D2M10I1R0/src/Mcu_SCG.o
                0x000018f8                Mcu_SCG_SircInit
 .text.Mcu_SCG_FircInit
                0x00001974       0x84 ./Mcal/Mcu_TS_T40D2M10I1R0/src/Mcu_SCG.o
                0x00001974                Mcu_SCG_FircInit
 .text.Mcu_SCG_SpllInit
                0x000019f8       0x50 ./Mcal/Mcu_TS_T40D2M10I1R0/src/Mcu_SCG.o
                0x000019f8                Mcu_SCG_SpllInit
 .text.Mcu_RCM_ResetInit
                0x00001a48       0x38 ./Mcal/Mcu_TS_T40D2M10I1R0/src/Mcu_RCM.o
                0x00001a48                Mcu_RCM_ResetInit
 .text.Mcu_PMC_PowerInit
                0x00001a80       0x50 ./Mcal/Mcu_TS_T40D2M10I1R0/src/Mcu_PMC.o
                0x00001a80                Mcu_PMC_PowerInit
 .text.Mcu_PCC_PeripheralConfig
                0x00001ad0       0xac ./Mcal/Mcu_TS_T40D2M10I1R0/src/Mcu_PCC.o
                0x00001ad0                Mcu_PCC_PeripheralConfig
 .text.Mcu_Ipw_Init
                0x00001b7c       0x38 ./Mcal/Mcu_TS_T40D2M10I1R0/src/Mcu_IPW.o
                0x00001b7c                Mcu_Ipw_Init
 .text.Mcu_Ipw_InitClock
                0x00001bb4       0xbc ./Mcal/Mcu_TS_T40D2M10I1R0/src/Mcu_IPW.o
                0x00001bb4                Mcu_Ipw_InitClock
 .text.Mcu_Init
                0x00001c70       0xc0 ./Mcal/Mcu_TS_T40D2M10I1R0/src/Mcu.o
                0x00001c70                Mcu_Init
 .text.Mcu_InitClock
                0x00001d30       0x40 ./Mcal/Mcu_TS_T40D2M10I1R0/src/Mcu.o
                0x00001d30                Mcu_InitClock
 .text.Dio_Gpio_WriteChannel
                0x00001d70       0x68 ./Mcal/Dio_TS_T40D2M10I1R0/src/Dio_Gpio.o
                0x00001d70                Dio_Gpio_WriteChannel
 .text.Dio_WriteChannel
                0x00001dd8       0x24 ./Mcal/Dio_TS_T40D2M10I1R0/src/Dio.o
                0x00001dd8                Dio_WriteChannel
 .text.Det_ReportError
                0x00001dfc       0x54 ./Mcal/Det_TS_T40D2M10I1R0/src/Det.o
                0x00001dfc                Det_ReportError
 *(.rodata)
 *(.rodata*)
 .rodata.osEE_sdb_array
                0x00001e50        0x8 ./Os/S32K144EVB/out/ee_applcfg.o
 .rodata.osEE_tdb_array
                0x00001e58       0x8c ./Os/S32K144EVB/out/ee_applcfg.o
 .rodata.osEE_tdb_ptr_array
                0x00001ee4       0x14 ./Os/S32K144EVB/out/ee_applcfg.o
 .rodata.osEE_res_db_array
                0x00001ef8        0x8 ./Os/S32K144EVB/out/ee_applcfg.o
 .rodata.osEE_res_db_ptr_array
                0x00001f00        0x4 ./Os/S32K144EVB/out/ee_applcfg.o
 .rodata.osEE_tdb_ptr_autostart_OSDEFAULTAPPMODE
                0x00001f04        0x4 ./Os/S32K144EVB/out/ee_applcfg.o
 .rodata.osEE_autostart_tdb_array
                0x00001f08        0x8 ./Os/S32K144EVB/out/ee_applcfg.o
 .rodata.osEE_cdb_var
                0x00001f10       0x20 ./Os/S32K144EVB/out/ee_applcfg.o
                0x00001f10                osEE_cdb_var
 .rodata.osEE_kdb_var
                0x00001f30       0x14 ./Os/S32K144EVB/out/ee_applcfg.o
                0x00001f30                osEE_kdb_var
 .rodata.Port_UnUsedPin
                0x00001f44        0x8 ./EBCfg/WorkspaceS32K144_19_06_2019/output/generated/src/Port_PBcfg.o
 .rodata.Port_aPinConfigDefault
                0x00001f4c      0x590 ./EBCfg/WorkspaceS32K144_19_06_2019/output/generated/src/Port_PBcfg.o
 .rodata.PortConfigSet
                0x000024dc       0x18 ./EBCfg/WorkspaceS32K144_19_06_2019/output/generated/src/Port_PBcfg.o
                0x000024dc                PortConfigSet
 *fill*         0x000024f4        0x4 
 .rodata.Mcu_Ram_ConfigPB0
                0x000024f8       0x20 ./EBCfg/WorkspaceS32K144_19_06_2019/output/generated/src/Mcu_PBcfg.o
 .rodata.Mcu_Mode_ConfigPB0
                0x00002518        0x8 ./EBCfg/WorkspaceS32K144_19_06_2019/output/generated/src/Mcu_PBcfg.o
 .rodata.SIM_ClockConfigPB0_0
                0x00002520        0xc ./EBCfg/WorkspaceS32K144_19_06_2019/output/generated/src/Mcu_PBcfg.o
 .rodata.SOSC_ClockConfigPB0_0
                0x0000252c       0x18 ./EBCfg/WorkspaceS32K144_19_06_2019/output/generated/src/Mcu_PBcfg.o
 .rodata.SIRC_ClockConfigPB0_0
                0x00002544       0x18 ./EBCfg/WorkspaceS32K144_19_06_2019/output/generated/src/Mcu_PBcfg.o
 .rodata.FIRC_ClockConfigPB0_0
                0x0000255c       0x18 ./EBCfg/WorkspaceS32K144_19_06_2019/output/generated/src/Mcu_PBcfg.o
 .rodata.SPLL_ClockConfigPB0_0
                0x00002574       0x18 ./EBCfg/WorkspaceS32K144_19_06_2019/output/generated/src/Mcu_PBcfg.o
 .rodata.SCG_ClockConfigPB0_0
                0x0000258c       0x20 ./EBCfg/WorkspaceS32K144_19_06_2019/output/generated/src/Mcu_PBcfg.o
 .rodata.PCC_aRegistersConfigPB0_0
                0x000025ac      0x100 ./EBCfg/WorkspaceS32K144_19_06_2019/output/generated/src/Mcu_PBcfg.o
 .rodata.PCC_ClockConfigPB0_0
                0x000026ac        0x8 ./EBCfg/WorkspaceS32K144_19_06_2019/output/generated/src/Mcu_PBcfg.o
 .rodata.Mcu_ClockConfigPB0
                0x000026b4       0x14 ./EBCfg/WorkspaceS32K144_19_06_2019/output/generated/src/Mcu_PBcfg.o
 .rodata.RCM_ResetConfigPB0
                0x000026c8        0x8 ./EBCfg/WorkspaceS32K144_19_06_2019/output/generated/src/Mcu_PBcfg.o
 .rodata.SIM_ConfigPB0
                0x000026d0       0x1c ./EBCfg/WorkspaceS32K144_19_06_2019/output/generated/src/Mcu_PBcfg.o
 .rodata.PMC_ConfigPB0
                0x000026ec        0x4 ./EBCfg/WorkspaceS32K144_19_06_2019/output/generated/src/Mcu_PBcfg.o
 .rodata.SMC_ConfigPB0
                0x000026f0        0x4 ./EBCfg/WorkspaceS32K144_19_06_2019/output/generated/src/Mcu_PBcfg.o
 .rodata.Mcu_HwIPsConfigPB0
                0x000026f4       0x10 ./EBCfg/WorkspaceS32K144_19_06_2019/output/generated/src/Mcu_PBcfg.o
 .rodata.McuModuleConfiguration
                0x00002704       0x1c ./EBCfg/WorkspaceS32K144_19_06_2019/output/generated/src/Mcu_PBcfg.o
                0x00002704                McuModuleConfiguration
 *(.glue_7)
 .glue_7        0x00000000        0x0 linker stubs
 *(.glue_7t)
 .glue_7t       0x00000000        0x0 linker stubs
 *(.eh_frame)
 *(.init)
 *(.fini)
                0x00002720                . = ALIGN (0x4)

.vfp11_veneer   0x00002720        0x0
 .vfp11_veneer  0x00000000        0x0 linker stubs

.v4_bx          0x00002720        0x0
 .v4_bx         0x00000000        0x0 linker stubs

.iplt           0x00002720        0x0
 .iplt          0x00000000        0x0 D:/NXP/S32DS_ARM_v2.0/S32DS/arm_ewl2/lib/armv7e-m/__arm_start.o

.rel.dyn        0x00002720        0x0
 .rel.iplt      0x00000000        0x0 D:/NXP/S32DS_ARM_v2.0/S32DS/arm_ewl2/lib/armv7e-m/__arm_start.o

.ARM.extab
 *(.ARM.extab* .gnu.linkonce.armextab.*)

.ARM            0x00002720        0x0
                0x00002720                __exidx_start = .
 *(.ARM.exidx*)
                0x00002720                __exidx_end = .

.ctors          0x00002720        0x0
                0x00002720                __CTOR_LIST__ = .
 *crtbegin.o(.ctors)
 *crtbegin?.o(.ctors)
 *(EXCLUDE_FILE(*crtend.o *crtend?.o) .ctors)
 *(SORT(.ctors.*))
 *(.ctors)
                0x00002720                __CTOR_END__ = .

.dtors          0x00002720        0x0
                0x00002720                __DTOR_LIST__ = .
 *crtbegin.o(.dtors)
 *crtbegin?.o(.dtors)
 *(EXCLUDE_FILE(*crtend.o *crtend?.o) .dtors)
 *(SORT(.dtors.*))
 *(.dtors)
                0x00002720                __DTOR_END__ = .

.preinit_array  0x00002720        0x0
                0x00002720                PROVIDE (__preinit_array_start, .)
 *(.preinit_array*)
                0x00002720                PROVIDE (__preinit_array_end, .)

.init_array     0x00002720        0x0
                0x00002720                PROVIDE (__init_array_start, .)
 *(SORT(.init_array.*))
 *(.init_array*)
                0x00002720                PROVIDE (__init_array_end, .)

.fini_array     0x00002720        0x0
                0x00002720                PROVIDE (__fini_array_start, .)
 *(SORT(.fini_array.*))
 *(.fini_array*)
                0x00002720                PROVIDE (__fini_array_end, .)
                0x00002720                __etext = .
                0x00002720                __DATA_ROM = .

.interrupts_ram
                0x1fff8000      0x400
                0x1fff8000                . = ALIGN (0x4)
                0x1fff8000                __VECTOR_RAM__ = .
                0x1fff8000                __interrupts_ram_start__ = .
 *(.m_interrupts_ram)
                0x1fff8400                . = (. + M_VECTOR_RAM_SIZE)
 *fill*         0x1fff8000      0x400 
                0x1fff8400                . = ALIGN (0x4)
                0x1fff8400                __interrupts_ram_end__ = .
                0x1fff8000                __VECTOR_RAM = DEFINED (__flash_vector_table__)?ORIGIN (m_interrupts):__VECTOR_RAM__
                0x00000400                __RAM_VECTOR_TABLE_SIZE = DEFINED (__flash_vector_table__)?0x0:(__interrupts_ram_end__ - __interrupts_ram_start__)

.data           0x1fff8400       0x68 load address 0x00002720
                0x1fff8400                . = ALIGN (0x4)
                0x1fff8400                __DATA_RAM = .
                0x1fff8400                __data_start__ = .
 *(.data)
 *(.data*)
 .data.osEE_tcb_array
                0x1fff8400       0x28 ./Os/S32K144EVB/out/ee_applcfg.o
 .data.osEE_sn_array
                0x1fff8428       0x20 ./Os/S32K144EVB/out/ee_applcfg.o
 .data.osEE_ccb_var
                0x1fff8448       0x20 ./Os/S32K144EVB/out/ee_applcfg.o
                0x1fff8448                osEE_ccb_var
 *(.jcr*)
                0x1fff8468                . = ALIGN (0x4)
                0x1fff8468                __data_end__ = .
                0x00002788                __DATA_END = (__DATA_ROM + (__data_end__ - __data_start__))
                0x00002788                __CODE_ROM = __DATA_END

.igot.plt       0x1fff8468        0x0 load address 0x00002788
 .igot.plt      0x00000000        0x0 D:/NXP/S32DS_ARM_v2.0/S32DS/arm_ewl2/lib/armv7e-m/__arm_start.o

.code           0x1fff8468        0x0 load address 0x00002788
                0x1fff8468                . = ALIGN (0x4)
                0x1fff8468                __CODE_RAM = .
                0x1fff8468                __code_start__ = .
 *(.code_ram)
                0x1fff8468                . = ALIGN (0x4)
                0x1fff8468                __code_end__ = .
                0x00002788                __CODE_END = (__CODE_ROM + (__code_end__ - __code_start__))

.customSectionBlock
 *(.customSection)

.bss            0x20000000       0x50
                0x20000000                . = ALIGN (0x4)
                0x20000000                __BSS_START = .
                0x20000000                __bss_start__ = .
 *(.bss)
 *(.bss*)
 .bss.osEE_scb_array
                0x20000000        0x4 ./Os/S32K144EVB/out/ee_applcfg.o
 .bss.osEE_res_cb_array
                0x20000004        0xc ./Os/S32K144EVB/out/ee_applcfg.o
 .bss.Port_Port_Ci_au16GpioDirChangeability
                0x20000010       0x14 ./Mcal/Port_TS_T40D2M10I1R0/src/Port_Port_Ci.o
 .bss.Port_pConfig
                0x20000024        0x4 ./Mcal/Port_TS_T40D2M10I1R0/src/Port.o
                0x20000024                Port_pConfig
 .bss.Mcu_pClockConfig
                0x20000028        0x4 ./Mcal/Mcu_TS_T40D2M10I1R0/src/Mcu_IPW.o
 .bss.Mcu_au8ClockConfigIds
                0x2000002c        0x1 ./Mcal/Mcu_TS_T40D2M10I1R0/src/Mcu.o
 *fill*         0x2000002d        0x3 
 .bss.Mcu_au8ModeConfigIds
                0x20000030        0x1 ./Mcal/Mcu_TS_T40D2M10I1R0/src/Mcu.o
 *fill*         0x20000031        0x3 
 .bss.Mcu_au8RamConfigIds
                0x20000034        0x1 ./Mcal/Mcu_TS_T40D2M10I1R0/src/Mcu.o
 *fill*         0x20000035        0x3 
 .bss.Mcu_pConfigPtr
                0x20000038        0x4 ./Mcal/Mcu_TS_T40D2M10I1R0/src/Mcu.o
                0x20000038                Mcu_pConfigPtr
 *(COMMON)
 COMMON         0x2000003c        0x4 ./Os/S32K144EVB/out/ee_applcfg.o
                0x2000003c                osEE_kcb_var
 COMMON         0x20000040       0x10 ./Mcal/Det_TS_T40D2M10I1R0/src/Det.o
                0x20000040                Det_ErrorId
                0x20000041                Det_RuntimeErrorId
                0x20000042                Det_RuntimeModuleId
                0x20000044                Det_TransientFaultId
                0x20000045                Det_InstanceId
                0x20000046                Det_TransientApiId
                0x20000047                Det_ApiId
                0x20000048                Det_TransientModuleId
                0x2000004a                Det_RuntimeApiId
                0x2000004c                Det_ModuleId
                0x2000004e                Det_TransientInstanceId
                0x2000004f                Det_RuntimeInstanceId
                0x20000050                . = ALIGN (0x4)
                0x20000050                __bss_end__ = .
                0x20000050                __BSS_END = .

.heap           0x20000050      0x400
                0x20000050                . = ALIGN (0x8)
                0x20000050                __end__ = .
                0x20000050                PROVIDE (end, .)
                0x20000050                PROVIDE (_end, .)
                0x20000050                PROVIDE (__end, .)
                0x20000050                __HeapBase = .
                0x20000450                . = (. + HEAP_SIZE)
 *fill*         0x20000050      0x400 
                0x20000450                __HeapLimit = .
                0x20000450                __heap_limit = .

.stack          0x20000450      0x400
                0x20000450                . = ALIGN (0x8)
                0x20000850                . = (. + STACK_SIZE)
 *fill*         0x20000450      0x400 
                0x20007000                __StackTop = (ORIGIN (m_data_2) + 0x7000)
                0x20006c00                __StackLimit = (__StackTop - STACK_SIZE)
                0x20007000                PROVIDE (__stack, __StackTop)

.ARM.attributes
                0x00000000       0x31
 *(.ARM.attributes)
 .ARM.attributes
                0x00000000       0x33 ./src/TaskEntity.o
 .ARM.attributes
                0x00000033       0x33 ./src/InterruptServices.o
 .ARM.attributes
                0x00000066       0x33 ./src/Appl.o
 .ARM.attributes
                0x00000099       0x33 ./Project_Settings/Startup_Code/system_S32K144.o
 .ARM.attributes
                0x000000cc       0x1b ./Project_Settings/Startup_Code/startup_S32K144.o
 .ARM.attributes
                0x000000e7       0x33 ./Project_Settings/Startup_Code/startup.o
 .ARM.attributes
                0x0000011a       0x33 ./Os/S32K144EVB/out/ee_applcfg.o
 .ARM.attributes
                0x0000014d       0x33 ./Os/S32K144EVB/erika/src/ee_std_change_context.o
 .ARM.attributes
                0x00000180       0x33 ./Os/S32K144EVB/erika/src/ee_s32k1xx_intvect.o
 .ARM.attributes
                0x000001b3       0x33 ./Os/S32K144EVB/erika/src/ee_oo_scheduler.o
 .ARM.attributes
                0x000001e6       0x33 ./Os/S32K144EVB/erika/src/ee_oo_sched_partitioned.o
 .ARM.attributes
                0x00000219       0x33 ./Os/S32K144EVB/erika/src/ee_oo_sched_entry_points.o
 .ARM.attributes
                0x0000024c       0x33 ./Os/S32K144EVB/erika/src/ee_oo_kernel.o
 .ARM.attributes
                0x0000027f       0x33 ./Os/S32K144EVB/erika/src/ee_oo_api_osek.o
 .ARM.attributes
                0x000002b2       0x33 ./Os/S32K144EVB/erika/src/ee_cortex_m_irqstub.o
 .ARM.attributes
                0x000002e5       0x21 ./Os/S32K144EVB/erika/src/ee_cortex_m_irq_asm.o
 .ARM.attributes
                0x00000306       0x33 ./Os/S32K144EVB/erika/src/ee_cortex_m_change_context.o
 .ARM.attributes
                0x00000339       0x21 ./Os/S32K144EVB/erika/src/ee_cortex_m_asm.o
 .ARM.attributes
                0x0000035a       0x33 ./Mcal/Port_TS_T40D2M10I1R0/src/Port_Port_Ci.o
 .ARM.attributes
                0x0000038d       0x33 ./Mcal/Port_TS_T40D2M10I1R0/src/Port.o
 .ARM.attributes
                0x000003c0       0x33 ./Mcal/Mcu_TS_T40D2M10I1R0/src/Mcu_SMC.o
 .ARM.attributes
                0x000003f3       0x33 ./Mcal/Mcu_TS_T40D2M10I1R0/src/Mcu_SIM.o
 .ARM.attributes
                0x00000426       0x33 ./Mcal/Mcu_TS_T40D2M10I1R0/src/Mcu_SCG.o
 .ARM.attributes
                0x00000459       0x33 ./Mcal/Mcu_TS_T40D2M10I1R0/src/Mcu_RCM.o
 .ARM.attributes
                0x0000048c       0x33 ./Mcal/Mcu_TS_T40D2M10I1R0/src/Mcu_PMC.o
 .ARM.attributes
                0x000004bf       0x33 ./Mcal/Mcu_TS_T40D2M10I1R0/src/Mcu_PCC.o
 .ARM.attributes
                0x000004f2       0x33 ./Mcal/Mcu_TS_T40D2M10I1R0/src/Mcu_IPW.o
 .ARM.attributes
                0x00000525       0x33 ./Mcal/Mcu_TS_T40D2M10I1R0/src/Mcu.o
 .ARM.attributes
                0x00000558       0x33 ./Mcal/Dio_TS_T40D2M10I1R0/src/Dio_Gpio.o
 .ARM.attributes
                0x0000058b       0x33 ./Mcal/Dio_TS_T40D2M10I1R0/src/Dio.o
 .ARM.attributes
                0x000005be       0x33 ./Mcal/Det_TS_T40D2M10I1R0/src/Det.o
 .ARM.attributes
                0x000005f1       0x33 ./EBCfg/WorkspaceS32K144_19_06_2019/output/generated/src/Port_PBcfg.o
 .ARM.attributes
                0x00000624       0x33 ./EBCfg/WorkspaceS32K144_19_06_2019/output/generated/src/Mcu_PBcfg.o
                0x00000001                ASSERT ((__StackLimit >= __HeapLimit), region m_data_2 overflowed with stack and heap)
OUTPUT(S32K144.elf elf32-littlearm)

.debug_info     0x00000000     0xc39f
 .debug_info    0x00000000       0x92 ./src/TaskEntity.o
 .debug_info    0x00000092       0x4c ./src/InterruptServices.o
 .debug_info    0x000000de      0x80f ./src/Appl.o
 .debug_info    0x000008ed      0x500 ./Project_Settings/Startup_Code/system_S32K144.o
 .debug_info    0x00000ded       0x8f ./Project_Settings/Startup_Code/startup_S32K144.o
 .debug_info    0x00000e7c      0x3eb ./Project_Settings/Startup_Code/startup.o
 .debug_info    0x00001267      0xab1 ./Os/S32K144EVB/out/ee_applcfg.o
 .debug_info    0x00001d18      0x9fe ./Os/S32K144EVB/erika/src/ee_std_change_context.o
 .debug_info    0x00002716      0x906 ./Os/S32K144EVB/erika/src/ee_s32k1xx_intvect.o
 .debug_info    0x0000301c      0xc26 ./Os/S32K144EVB/erika/src/ee_oo_scheduler.o
 .debug_info    0x00003c42      0xe5f ./Os/S32K144EVB/erika/src/ee_oo_sched_partitioned.o
 .debug_info    0x00004aa1      0xcc5 ./Os/S32K144EVB/erika/src/ee_oo_sched_entry_points.o
 .debug_info    0x00005766      0x9ba ./Os/S32K144EVB/erika/src/ee_oo_kernel.o
 .debug_info    0x00006120     0x18d5 ./Os/S32K144EVB/erika/src/ee_oo_api_osek.o
 .debug_info    0x000079f5      0xa55 ./Os/S32K144EVB/erika/src/ee_cortex_m_irqstub.o
 .debug_info    0x0000844a       0x8d ./Os/S32K144EVB/erika/src/ee_cortex_m_irq_asm.o
 .debug_info    0x000084d7      0x980 ./Os/S32K144EVB/erika/src/ee_cortex_m_change_context.o
 .debug_info    0x00008e57       0x89 ./Os/S32K144EVB/erika/src/ee_cortex_m_asm.o
 .debug_info    0x00008ee0      0x62e ./Mcal/Port_TS_T40D2M10I1R0/src/Port_Port_Ci.o
 .debug_info    0x0000950e      0x3d1 ./Mcal/Port_TS_T40D2M10I1R0/src/Port.o
 .debug_info    0x000098df      0x18d ./Mcal/Mcu_TS_T40D2M10I1R0/src/Mcu_SMC.o
 .debug_info    0x00009a6c      0x183 ./Mcal/Mcu_TS_T40D2M10I1R0/src/Mcu_SIM.o
 .debug_info    0x00009bef      0x34b ./Mcal/Mcu_TS_T40D2M10I1R0/src/Mcu_SCG.o
 .debug_info    0x00009f3a      0x236 ./Mcal/Mcu_TS_T40D2M10I1R0/src/Mcu_RCM.o
 .debug_info    0x0000a170      0x115 ./Mcal/Mcu_TS_T40D2M10I1R0/src/Mcu_PMC.o
 .debug_info    0x0000a285      0x137 ./Mcal/Mcu_TS_T40D2M10I1R0/src/Mcu_PCC.o
 .debug_info    0x0000a3bc      0x65b ./Mcal/Mcu_TS_T40D2M10I1R0/src/Mcu_IPW.o
 .debug_info    0x0000aa17      0x861 ./Mcal/Mcu_TS_T40D2M10I1R0/src/Mcu.o
 .debug_info    0x0000b278      0x293 ./Mcal/Dio_TS_T40D2M10I1R0/src/Dio_Gpio.o
 .debug_info    0x0000b50b      0x266 ./Mcal/Dio_TS_T40D2M10I1R0/src/Dio.o
 .debug_info    0x0000b771      0x277 ./Mcal/Det_TS_T40D2M10I1R0/src/Det.o
 .debug_info    0x0000b9e8      0x2a5 ./EBCfg/WorkspaceS32K144_19_06_2019/output/generated/src/Port_PBcfg.o
 .debug_info    0x0000bc8d      0x712 ./EBCfg/WorkspaceS32K144_19_06_2019/output/generated/src/Mcu_PBcfg.o

.debug_abbrev   0x00000000     0x2533
 .debug_abbrev  0x00000000       0x45 ./src/TaskEntity.o
 .debug_abbrev  0x00000045       0x2f ./src/InterruptServices.o
 .debug_abbrev  0x00000074      0x148 ./src/Appl.o
 .debug_abbrev  0x000001bc      0x118 ./Project_Settings/Startup_Code/system_S32K144.o
 .debug_abbrev  0x000002d4       0x14 ./Project_Settings/Startup_Code/startup_S32K144.o
 .debug_abbrev  0x000002e8      0x101 ./Project_Settings/Startup_Code/startup.o
 .debug_abbrev  0x000003e9      0x140 ./Os/S32K144EVB/out/ee_applcfg.o
 .debug_abbrev  0x00000529      0x153 ./Os/S32K144EVB/erika/src/ee_std_change_context.o
 .debug_abbrev  0x0000067c      0x14b ./Os/S32K144EVB/erika/src/ee_s32k1xx_intvect.o
 .debug_abbrev  0x000007c7      0x1e4 ./Os/S32K144EVB/erika/src/ee_oo_scheduler.o
 .debug_abbrev  0x000009ab      0x221 ./Os/S32K144EVB/erika/src/ee_oo_sched_partitioned.o
 .debug_abbrev  0x00000bcc      0x2bc ./Os/S32K144EVB/erika/src/ee_oo_sched_entry_points.o
 .debug_abbrev  0x00000e88      0x1b9 ./Os/S32K144EVB/erika/src/ee_oo_kernel.o
 .debug_abbrev  0x00001041      0x37d ./Os/S32K144EVB/erika/src/ee_oo_api_osek.o
 .debug_abbrev  0x000013be      0x23c ./Os/S32K144EVB/erika/src/ee_cortex_m_irqstub.o
 .debug_abbrev  0x000015fa       0x14 ./Os/S32K144EVB/erika/src/ee_cortex_m_irq_asm.o
 .debug_abbrev  0x0000160e      0x15c ./Os/S32K144EVB/erika/src/ee_cortex_m_change_context.o
 .debug_abbrev  0x0000176a       0x14 ./Os/S32K144EVB/erika/src/ee_cortex_m_asm.o
 .debug_abbrev  0x0000177e      0x1ba ./Mcal/Port_TS_T40D2M10I1R0/src/Port_Port_Ci.o
 .debug_abbrev  0x00001938      0x119 ./Mcal/Port_TS_T40D2M10I1R0/src/Port.o
 .debug_abbrev  0x00001a51       0xb6 ./Mcal/Mcu_TS_T40D2M10I1R0/src/Mcu_SMC.o
 .debug_abbrev  0x00001b07       0xba ./Mcal/Mcu_TS_T40D2M10I1R0/src/Mcu_SIM.o
 .debug_abbrev  0x00001bc1      0x121 ./Mcal/Mcu_TS_T40D2M10I1R0/src/Mcu_SCG.o
 .debug_abbrev  0x00001ce2       0xe1 ./Mcal/Mcu_TS_T40D2M10I1R0/src/Mcu_RCM.o
 .debug_abbrev  0x00001dc3       0x91 ./Mcal/Mcu_TS_T40D2M10I1R0/src/Mcu_PMC.o
 .debug_abbrev  0x00001e54       0xae ./Mcal/Mcu_TS_T40D2M10I1R0/src/Mcu_PCC.o
 .debug_abbrev  0x00001f02      0x121 ./Mcal/Mcu_TS_T40D2M10I1R0/src/Mcu_IPW.o
 .debug_abbrev  0x00002023      0x14e ./Mcal/Mcu_TS_T40D2M10I1R0/src/Mcu.o
 .debug_abbrev  0x00002171       0xc7 ./Mcal/Dio_TS_T40D2M10I1R0/src/Dio_Gpio.o
 .debug_abbrev  0x00002238       0xc7 ./Mcal/Dio_TS_T40D2M10I1R0/src/Dio.o
 .debug_abbrev  0x000022ff       0x90 ./Mcal/Det_TS_T40D2M10I1R0/src/Det.o
 .debug_abbrev  0x0000238f       0xd7 ./EBCfg/WorkspaceS32K144_19_06_2019/output/generated/src/Port_PBcfg.o
 .debug_abbrev  0x00002466       0xcd ./EBCfg/WorkspaceS32K144_19_06_2019/output/generated/src/Mcu_PBcfg.o

.debug_aranges  0x00000000      0x848
 .debug_aranges
                0x00000000       0x28 ./src/TaskEntity.o
 .debug_aranges
                0x00000028       0x28 ./src/InterruptServices.o
 .debug_aranges
                0x00000050       0x30 ./src/Appl.o
 .debug_aranges
                0x00000080       0x30 ./Project_Settings/Startup_Code/system_S32K144.o
 .debug_aranges
                0x000000b0       0x20 ./Project_Settings/Startup_Code/startup_S32K144.o
 .debug_aranges
                0x000000d0       0x20 ./Project_Settings/Startup_Code/startup.o
 .debug_aranges
                0x000000f0       0x18 ./Os/S32K144EVB/out/ee_applcfg.o
 .debug_aranges
                0x00000108       0x30 ./Os/S32K144EVB/erika/src/ee_std_change_context.o
 .debug_aranges
                0x00000138       0x30 ./Os/S32K144EVB/erika/src/ee_s32k1xx_intvect.o
 .debug_aranges
                0x00000168       0x48 ./Os/S32K144EVB/erika/src/ee_oo_scheduler.o
 .debug_aranges
                0x000001b0       0x90 ./Os/S32K144EVB/erika/src/ee_oo_sched_partitioned.o
 .debug_aranges
                0x00000240       0x80 ./Os/S32K144EVB/erika/src/ee_oo_sched_entry_points.o
 .debug_aranges
                0x000002c0       0x38 ./Os/S32K144EVB/erika/src/ee_oo_kernel.o
 .debug_aranges
                0x000002f8      0x158 ./Os/S32K144EVB/erika/src/ee_oo_api_osek.o
 .debug_aranges
                0x00000450       0x38 ./Os/S32K144EVB/erika/src/ee_cortex_m_irqstub.o
 .debug_aranges
                0x00000488       0x20 ./Os/S32K144EVB/erika/src/ee_cortex_m_irq_asm.o
 .debug_aranges
                0x000004a8       0x30 ./Os/S32K144EVB/erika/src/ee_cortex_m_change_context.o
 .debug_aranges
                0x000004d8       0x20 ./Os/S32K144EVB/erika/src/ee_cortex_m_asm.o
 .debug_aranges
                0x000004f8       0x48 ./Mcal/Port_TS_T40D2M10I1R0/src/Port_Port_Ci.o
 .debug_aranges
                0x00000540       0x40 ./Mcal/Port_TS_T40D2M10I1R0/src/Port.o
 .debug_aranges
                0x00000580       0x28 ./Mcal/Mcu_TS_T40D2M10I1R0/src/Mcu_SMC.o
 .debug_aranges
                0x000005a8       0x28 ./Mcal/Mcu_TS_T40D2M10I1R0/src/Mcu_SIM.o
 .debug_aranges
                0x000005d0       0x60 ./Mcal/Mcu_TS_T40D2M10I1R0/src/Mcu_SCG.o
 .debug_aranges
                0x00000630       0x30 ./Mcal/Mcu_TS_T40D2M10I1R0/src/Mcu_RCM.o
 .debug_aranges
                0x00000660       0x20 ./Mcal/Mcu_TS_T40D2M10I1R0/src/Mcu_PMC.o
 .debug_aranges
                0x00000680       0x20 ./Mcal/Mcu_TS_T40D2M10I1R0/src/Mcu_PCC.o
 .debug_aranges
                0x000006a0       0x50 ./Mcal/Mcu_TS_T40D2M10I1R0/src/Mcu_IPW.o
 .debug_aranges
                0x000006f0       0x58 ./Mcal/Mcu_TS_T40D2M10I1R0/src/Mcu.o
 .debug_aranges
                0x00000748       0x48 ./Mcal/Dio_TS_T40D2M10I1R0/src/Dio_Gpio.o
 .debug_aranges
                0x00000790       0x48 ./Mcal/Dio_TS_T40D2M10I1R0/src/Dio.o
 .debug_aranges
                0x000007d8       0x40 ./Mcal/Det_TS_T40D2M10I1R0/src/Det.o
 .debug_aranges
                0x00000818       0x18 ./EBCfg/WorkspaceS32K144_19_06_2019/output/generated/src/Port_PBcfg.o
 .debug_aranges
                0x00000830       0x18 ./EBCfg/WorkspaceS32K144_19_06_2019/output/generated/src/Mcu_PBcfg.o

.debug_ranges   0x00000000      0x5f0
 .debug_ranges  0x00000000       0x18 ./src/TaskEntity.o
 .debug_ranges  0x00000018       0x18 ./src/InterruptServices.o
 .debug_ranges  0x00000030       0x20 ./src/Appl.o
 .debug_ranges  0x00000050       0x20 ./Project_Settings/Startup_Code/system_S32K144.o
 .debug_ranges  0x00000070       0x10 ./Project_Settings/Startup_Code/startup.o
 .debug_ranges  0x00000080       0x20 ./Os/S32K144EVB/erika/src/ee_std_change_context.o
 .debug_ranges  0x000000a0       0x20 ./Os/S32K144EVB/erika/src/ee_s32k1xx_intvect.o
 .debug_ranges  0x000000c0       0x38 ./Os/S32K144EVB/erika/src/ee_oo_scheduler.o
 .debug_ranges  0x000000f8       0x80 ./Os/S32K144EVB/erika/src/ee_oo_sched_partitioned.o
 .debug_ranges  0x00000178       0x70 ./Os/S32K144EVB/erika/src/ee_oo_sched_entry_points.o
 .debug_ranges  0x000001e8       0x28 ./Os/S32K144EVB/erika/src/ee_oo_kernel.o
 .debug_ranges  0x00000210      0x148 ./Os/S32K144EVB/erika/src/ee_oo_api_osek.o
 .debug_ranges  0x00000358       0x28 ./Os/S32K144EVB/erika/src/ee_cortex_m_irqstub.o
 .debug_ranges  0x00000380       0x20 ./Os/S32K144EVB/erika/src/ee_cortex_m_change_context.o
 .debug_ranges  0x000003a0       0x38 ./Mcal/Port_TS_T40D2M10I1R0/src/Port_Port_Ci.o
 .debug_ranges  0x000003d8       0x30 ./Mcal/Port_TS_T40D2M10I1R0/src/Port.o
 .debug_ranges  0x00000408       0x18 ./Mcal/Mcu_TS_T40D2M10I1R0/src/Mcu_SMC.o
 .debug_ranges  0x00000420       0x18 ./Mcal/Mcu_TS_T40D2M10I1R0/src/Mcu_SIM.o
 .debug_ranges  0x00000438       0x50 ./Mcal/Mcu_TS_T40D2M10I1R0/src/Mcu_SCG.o
 .debug_ranges  0x00000488       0x20 ./Mcal/Mcu_TS_T40D2M10I1R0/src/Mcu_RCM.o
 .debug_ranges  0x000004a8       0x10 ./Mcal/Mcu_TS_T40D2M10I1R0/src/Mcu_PMC.o
 .debug_ranges  0x000004b8       0x10 ./Mcal/Mcu_TS_T40D2M10I1R0/src/Mcu_PCC.o
 .debug_ranges  0x000004c8       0x40 ./Mcal/Mcu_TS_T40D2M10I1R0/src/Mcu_IPW.o
 .debug_ranges  0x00000508       0x48 ./Mcal/Mcu_TS_T40D2M10I1R0/src/Mcu.o
 .debug_ranges  0x00000550       0x38 ./Mcal/Dio_TS_T40D2M10I1R0/src/Dio_Gpio.o
 .debug_ranges  0x00000588       0x38 ./Mcal/Dio_TS_T40D2M10I1R0/src/Dio.o
 .debug_ranges  0x000005c0       0x30 ./Mcal/Det_TS_T40D2M10I1R0/src/Det.o

.debug_macro    0x00000000    0x1a916
 .debug_macro   0x00000000      0x191 ./src/TaskEntity.o
 .debug_macro   0x00000191      0x874 ./src/TaskEntity.o
 .debug_macro   0x00000a05       0x52 ./src/TaskEntity.o
 .debug_macro   0x00000a57       0xa0 ./src/TaskEntity.o
 .debug_macro   0x00000af7       0x16 ./src/TaskEntity.o
 .debug_macro   0x00000b0d       0xd6 ./src/TaskEntity.o
 .debug_macro   0x00000be3       0x34 ./src/TaskEntity.o
 .debug_macro   0x00000c17       0x28 ./src/TaskEntity.o
 .debug_macro   0x00000c3f       0xf1 ./src/TaskEntity.o
 .debug_macro   0x00000d30       0x50 ./src/TaskEntity.o
 .debug_macro   0x00000d80       0x3a ./src/TaskEntity.o
 .debug_macro   0x00000dba       0x58 ./src/TaskEntity.o
 .debug_macro   0x00000e12       0x7b ./src/TaskEntity.o
 .debug_macro   0x00000e8d       0x64 ./src/TaskEntity.o
 .debug_macro   0x00000ef1      0x185 ./src/TaskEntity.o
 .debug_macro   0x00001076      0x140 ./src/TaskEntity.o
 .debug_macro   0x000011b6       0x9d ./src/TaskEntity.o
 .debug_macro   0x00001253       0x88 ./src/TaskEntity.o
 .debug_macro   0x000012db       0x16 ./src/TaskEntity.o
 .debug_macro   0x000012f1       0x28 ./src/TaskEntity.o
 .debug_macro   0x00001319       0x10 ./src/TaskEntity.o
 .debug_macro   0x00001329       0x16 ./src/TaskEntity.o
 .debug_macro   0x0000133f       0x16 ./src/TaskEntity.o
 .debug_macro   0x00001355      0x1af ./src/TaskEntity.o
 .debug_macro   0x00001504       0x10 ./src/TaskEntity.o
 .debug_macro   0x00001514       0xd3 ./src/TaskEntity.o
 .debug_macro   0x000015e7       0x10 ./src/TaskEntity.o
 .debug_macro   0x000015f7       0x10 ./src/TaskEntity.o
 .debug_macro   0x00001607       0xce ./src/InterruptServices.o
 .debug_macro   0x000016d5       0xeb ./src/InterruptServices.o
 .debug_macro   0x000017c0       0x4a ./src/InterruptServices.o
 .debug_macro   0x0000180a      0x2a1 ./src/InterruptServices.o
 .debug_macro   0x00001aab      0x816 ./src/InterruptServices.o
 .debug_macro   0x000022c1      0x31c ./src/Appl.o
 .debug_macro   0x000025dd       0x19 ./src/Appl.o
 .debug_macro   0x000025f6      0x15b ./src/Appl.o
 .debug_macro   0x00002751       0x58 ./src/Appl.o
 .debug_macro   0x000027a9     0xdf8d ./src/Appl.o
 .debug_macro   0x00010736      0x7d7 ./src/Appl.o
 .debug_macro   0x00010f0d       0x3b ./src/Appl.o
 .debug_macro   0x00010f48       0xa4 ./src/Appl.o
 .debug_macro   0x00010fec       0x89 ./src/Appl.o
 .debug_macro   0x00011075       0x6b ./src/Appl.o
 .debug_macro   0x000110e0       0x67 ./src/Appl.o
 .debug_macro   0x00011147       0xaf ./src/Appl.o
 .debug_macro   0x000111f6      0x35f ./src/Appl.o
 .debug_macro   0x00011555       0x58 ./src/Appl.o
 .debug_macro   0x000115ad       0x2e ./src/Appl.o
 .debug_macro   0x000115db      0x1fa ./src/Appl.o
 .debug_macro   0x000117d5       0x4c ./src/Appl.o
 .debug_macro   0x00011821       0xe4 ./src/Appl.o
 .debug_macro   0x00011905       0x2e ./src/Appl.o
 .debug_macro   0x00011933       0x34 ./src/Appl.o
 .debug_macro   0x00011967       0x3a ./src/Appl.o
 .debug_macro   0x000119a1       0x34 ./src/Appl.o
 .debug_macro   0x000119d5       0x34 ./src/Appl.o
 .debug_macro   0x00011a09       0x3a ./src/Appl.o
 .debug_macro   0x00011a43       0x2e ./src/Appl.o
 .debug_macro   0x00011a71       0x2e ./src/Appl.o
 .debug_macro   0x00011a9f       0x74 ./src/Appl.o
 .debug_macro   0x00011b13       0x35 ./src/Appl.o
 .debug_macro   0x00011b48       0x42 ./src/Appl.o
 .debug_macro   0x00011b8a       0x42 ./src/Appl.o
 .debug_macro   0x00011bcc       0x42 ./src/Appl.o
 .debug_macro   0x00011c0e       0x42 ./src/Appl.o
 .debug_macro   0x00011c50       0x42 ./src/Appl.o
 .debug_macro   0x00011c92       0x42 ./src/Appl.o
 .debug_macro   0x00011cd4       0x46 ./src/Appl.o
 .debug_macro   0x00011d1a       0x92 ./src/Appl.o
 .debug_macro   0x00011dac       0x40 ./src/Appl.o
 .debug_macro   0x00011dec      0xe90 ./src/Appl.o
 .debug_macro   0x00012c7c       0x42 ./src/Appl.o
 .debug_macro   0x00012cbe       0x42 ./src/Appl.o
 .debug_macro   0x00012d00       0x42 ./src/Appl.o
 .debug_macro   0x00012d42       0x42 ./src/Appl.o
 .debug_macro   0x00012d84       0x96 ./src/Appl.o
 .debug_macro   0x00012e1a       0x42 ./src/Appl.o
 .debug_macro   0x00012e5c       0x42 ./src/Appl.o
 .debug_macro   0x00012e9e       0x52 ./src/Appl.o
 .debug_macro   0x00012ef0       0xc8 ./src/Appl.o
 .debug_macro   0x00012fb8       0x42 ./src/Appl.o
 .debug_macro   0x00012ffa       0x42 ./src/Appl.o
 .debug_macro   0x0001303c       0xab ./src/Appl.o
 .debug_macro   0x000130e7       0x42 ./src/Appl.o
 .debug_macro   0x00013129       0x42 ./src/Appl.o
 .debug_macro   0x0001316b       0xe9 ./Project_Settings/Startup_Code/system_S32K144.o
 .debug_macro   0x00013254       0x10 ./Project_Settings/Startup_Code/system_S32K144.o
 .debug_macro   0x00013264       0x6d ./Project_Settings/Startup_Code/system_S32K144.o
 .debug_macro   0x000132d1      0x978 ./Project_Settings/Startup_Code/system_S32K144.o
 .debug_macro   0x00013c49       0x22 ./Project_Settings/Startup_Code/system_S32K144.o
 .debug_macro   0x00013c6b       0x1c ./Project_Settings/Startup_Code/system_S32K144.o
 .debug_macro   0x00013c87       0xea ./Project_Settings/Startup_Code/startup.o
 .debug_macro   0x00013d71      0x207 ./Os/S32K144EVB/out/ee_applcfg.o
 .debug_macro   0x00013f78       0xd9 ./Os/S32K144EVB/out/ee_applcfg.o
 .debug_macro   0x00014051       0x16 ./Os/S32K144EVB/out/ee_applcfg.o
 .debug_macro   0x00014067       0x11 ./Os/S32K144EVB/out/ee_applcfg.o
 .debug_macro   0x00014078       0x10 ./Os/S32K144EVB/out/ee_applcfg.o
 .debug_macro   0x00014088      0x2a1 ./Os/S32K144EVB/erika/src/ee_std_change_context.o
 .debug_macro   0x00014329      0x2af ./Os/S32K144EVB/erika/src/ee_s32k1xx_intvect.o
 .debug_macro   0x000145d8      0x2a1 ./Os/S32K144EVB/erika/src/ee_oo_scheduler.o
 .debug_macro   0x00014879      0x2a1 ./Os/S32K144EVB/erika/src/ee_oo_sched_partitioned.o
 .debug_macro   0x00014b1a      0x2a1 ./Os/S32K144EVB/erika/src/ee_oo_sched_entry_points.o
 .debug_macro   0x00014dbb      0x2a1 ./Os/S32K144EVB/erika/src/ee_oo_kernel.o
 .debug_macro   0x0001505c      0x2a7 ./Os/S32K144EVB/erika/src/ee_oo_api_osek.o
 .debug_macro   0x00015303      0x2a1 ./Os/S32K144EVB/erika/src/ee_cortex_m_irqstub.o
 .debug_macro   0x000155a4      0x2a1 ./Os/S32K144EVB/erika/src/ee_cortex_m_change_context.o
 .debug_macro   0x00015845      0x22e ./Mcal/Port_TS_T40D2M10I1R0/src/Port_Port_Ci.o
 .debug_macro   0x00015a73       0xd0 ./Mcal/Port_TS_T40D2M10I1R0/src/Port_Port_Ci.o
 .debug_macro   0x00015b43       0x8c ./Mcal/Port_TS_T40D2M10I1R0/src/Port_Port_Ci.o
 .debug_macro   0x00015bcf       0x35 ./Mcal/Port_TS_T40D2M10I1R0/src/Port_Port_Ci.o
 .debug_macro   0x00015c04       0xb1 ./Mcal/Port_TS_T40D2M10I1R0/src/Port_Port_Ci.o
 .debug_macro   0x00015cb5       0x42 ./Mcal/Port_TS_T40D2M10I1R0/src/Port_Port_Ci.o
 .debug_macro   0x00015cf7       0x42 ./Mcal/Port_TS_T40D2M10I1R0/src/Port_Port_Ci.o
 .debug_macro   0x00015d39      0x22f ./Mcal/Port_TS_T40D2M10I1R0/src/Port.o
 .debug_macro   0x00015f68       0xd6 ./Mcal/Port_TS_T40D2M10I1R0/src/Port.o
 .debug_macro   0x0001603e       0x42 ./Mcal/Port_TS_T40D2M10I1R0/src/Port.o
 .debug_macro   0x00016080       0x42 ./Mcal/Port_TS_T40D2M10I1R0/src/Port.o
 .debug_macro   0x000160c2      0x16f ./Mcal/Mcu_TS_T40D2M10I1R0/src/Mcu_SMC.o
 .debug_macro   0x00016231       0x2e ./Mcal/Mcu_TS_T40D2M10I1R0/src/Mcu_SMC.o
 .debug_macro   0x0001625f       0x35 ./Mcal/Mcu_TS_T40D2M10I1R0/src/Mcu_SMC.o
 .debug_macro   0x00016294       0x19 ./Mcal/Mcu_TS_T40D2M10I1R0/src/Mcu_SMC.o
 .debug_macro   0x000162ad      0x104 ./Mcal/Mcu_TS_T40D2M10I1R0/src/Mcu_SMC.o
 .debug_macro   0x000163b1      0x16f ./Mcal/Mcu_TS_T40D2M10I1R0/src/Mcu_SIM.o
 .debug_macro   0x00016520       0x2e ./Mcal/Mcu_TS_T40D2M10I1R0/src/Mcu_SIM.o
 .debug_macro   0x0001654e       0x35 ./Mcal/Mcu_TS_T40D2M10I1R0/src/Mcu_SIM.o
 .debug_macro   0x00016583       0x19 ./Mcal/Mcu_TS_T40D2M10I1R0/src/Mcu_SIM.o
 .debug_macro   0x0001659c      0x7c4 ./Mcal/Mcu_TS_T40D2M10I1R0/src/Mcu_SIM.o
 .debug_macro   0x00016d60      0x16f ./Mcal/Mcu_TS_T40D2M10I1R0/src/Mcu_SCG.o
 .debug_macro   0x00016ecf       0x34 ./Mcal/Mcu_TS_T40D2M10I1R0/src/Mcu_SCG.o
 .debug_macro   0x00016f03       0x35 ./Mcal/Mcu_TS_T40D2M10I1R0/src/Mcu_SCG.o
 .debug_macro   0x00016f38       0x43 ./Mcal/Mcu_TS_T40D2M10I1R0/src/Mcu_SCG.o
 .debug_macro   0x00016f7b      0x5f4 ./Mcal/Mcu_TS_T40D2M10I1R0/src/Mcu_SCG.o
 .debug_macro   0x0001756f      0x191 ./Mcal/Mcu_TS_T40D2M10I1R0/src/Mcu_RCM.o
 .debug_macro   0x00017700      0x275 ./Mcal/Mcu_TS_T40D2M10I1R0/src/Mcu_RCM.o
 .debug_macro   0x00017975       0x42 ./Mcal/Mcu_TS_T40D2M10I1R0/src/Mcu_RCM.o
 .debug_macro   0x000179b7       0x42 ./Mcal/Mcu_TS_T40D2M10I1R0/src/Mcu_RCM.o
 .debug_macro   0x000179f9      0x24d ./Mcal/Mcu_TS_T40D2M10I1R0/src/Mcu_PMC.o
 .debug_macro   0x00017c46       0x34 ./Mcal/Mcu_TS_T40D2M10I1R0/src/Mcu_PMC.o
 .debug_macro   0x00017c7a      0x16f ./Mcal/Mcu_TS_T40D2M10I1R0/src/Mcu_PCC.o
 .debug_macro   0x00017de9       0x35 ./Mcal/Mcu_TS_T40D2M10I1R0/src/Mcu_PCC.o
 .debug_macro   0x00017e1e       0x12 ./Mcal/Mcu_TS_T40D2M10I1R0/src/Mcu_PCC.o
 .debug_macro   0x00017e30      0x30c ./Mcal/Mcu_TS_T40D2M10I1R0/src/Mcu_PCC.o
 .debug_macro   0x0001813c      0x330 ./Mcal/Mcu_TS_T40D2M10I1R0/src/Mcu_IPW.o
 .debug_macro   0x0001846c       0x3b ./Mcal/Mcu_TS_T40D2M10I1R0/src/Mcu_IPW.o
 .debug_macro   0x000184a7       0x3b ./Mcal/Mcu_TS_T40D2M10I1R0/src/Mcu_IPW.o
 .debug_macro   0x000184e2       0x3b ./Mcal/Mcu_TS_T40D2M10I1R0/src/Mcu_IPW.o
 .debug_macro   0x0001851d       0x3b ./Mcal/Mcu_TS_T40D2M10I1R0/src/Mcu_IPW.o
 .debug_macro   0x00018558      0x312 ./Mcal/Mcu_TS_T40D2M10I1R0/src/Mcu_IPW.o
 .debug_macro   0x0001886a      0x5fa ./Mcal/Mcu_TS_T40D2M10I1R0/src/Mcu_IPW.o
 .debug_macro   0x00018e64       0xea ./Mcal/Mcu_TS_T40D2M10I1R0/src/Mcu_IPW.o
 .debug_macro   0x00018f4e       0x35 ./Mcal/Mcu_TS_T40D2M10I1R0/src/Mcu_IPW.o
 .debug_macro   0x00018f83       0x19 ./Mcal/Mcu_TS_T40D2M10I1R0/src/Mcu_IPW.o
 .debug_macro   0x00018f9c      0x2a0 ./Mcal/Mcu_TS_T40D2M10I1R0/src/Mcu.o
 .debug_macro   0x0001923c       0x3b ./Mcal/Mcu_TS_T40D2M10I1R0/src/Mcu.o
 .debug_macro   0x00019277       0x42 ./Mcal/Mcu_TS_T40D2M10I1R0/src/Mcu.o
 .debug_macro   0x000192b9       0x42 ./Mcal/Mcu_TS_T40D2M10I1R0/src/Mcu.o
 .debug_macro   0x000192fb      0x1d5 ./Mcal/Dio_TS_T40D2M10I1R0/src/Dio_Gpio.o
 .debug_macro   0x000194d0       0x4c ./Mcal/Dio_TS_T40D2M10I1R0/src/Dio_Gpio.o
 .debug_macro   0x0001951c       0x3a ./Mcal/Dio_TS_T40D2M10I1R0/src/Dio_Gpio.o
 .debug_macro   0x00019556       0xab ./Mcal/Dio_TS_T40D2M10I1R0/src/Dio_Gpio.o
 .debug_macro   0x00019601       0x5f ./Mcal/Dio_TS_T40D2M10I1R0/src/Dio_Gpio.o
 .debug_macro   0x00019660      0x1a4 ./Mcal/Dio_TS_T40D2M10I1R0/src/Dio.o
 .debug_macro   0x00019804       0xce ./Mcal/Dio_TS_T40D2M10I1R0/src/Dio.o
 .debug_macro   0x000198d2       0x98 ./Mcal/Det_TS_T40D2M10I1R0/src/Det.o
 .debug_macro   0x0001996a      0x1aa ./EBCfg/WorkspaceS32K144_19_06_2019/output/generated/src/Port_PBcfg.o
 .debug_macro   0x00019b14       0x42 ./EBCfg/WorkspaceS32K144_19_06_2019/output/generated/src/Port_PBcfg.o
 .debug_macro   0x00019b56       0x42 ./EBCfg/WorkspaceS32K144_19_06_2019/output/generated/src/Port_PBcfg.o
 .debug_macro   0x00019b98      0x22f ./EBCfg/WorkspaceS32K144_19_06_2019/output/generated/src/Mcu_PBcfg.o
 .debug_macro   0x00019dc7      0x27b ./EBCfg/WorkspaceS32K144_19_06_2019/output/generated/src/Mcu_PBcfg.o
 .debug_macro   0x0001a042      0x7ca ./EBCfg/WorkspaceS32K144_19_06_2019/output/generated/src/Mcu_PBcfg.o
 .debug_macro   0x0001a80c      0x10a ./EBCfg/WorkspaceS32K144_19_06_2019/output/generated/src/Mcu_PBcfg.o

.debug_line     0x00000000     0x83e1
 .debug_line    0x00000000      0x355 ./src/TaskEntity.o
 .debug_line    0x00000355      0x23d ./src/InterruptServices.o
 .debug_line    0x00000592      0x5bd ./src/Appl.o
 .debug_line    0x00000b4f      0x296 ./Project_Settings/Startup_Code/system_S32K144.o
 .debug_line    0x00000de5       0x83 ./Project_Settings/Startup_Code/startup_S32K144.o
 .debug_line    0x00000e68      0x25b ./Project_Settings/Startup_Code/startup.o
 .debug_line    0x000010c3      0x42f ./Os/S32K144EVB/out/ee_applcfg.o
 .debug_line    0x000014f2      0x559 ./Os/S32K144EVB/erika/src/ee_std_change_context.o
 .debug_line    0x00001a4b      0x53e ./Os/S32K144EVB/erika/src/ee_s32k1xx_intvect.o
 .debug_line    0x00001f89      0x5db ./Os/S32K144EVB/erika/src/ee_oo_scheduler.o
 .debug_line    0x00002564      0x699 ./Os/S32K144EVB/erika/src/ee_oo_sched_partitioned.o
 .debug_line    0x00002bfd      0x673 ./Os/S32K144EVB/erika/src/ee_oo_sched_entry_points.o
 .debug_line    0x00003270      0x557 ./Os/S32K144EVB/erika/src/ee_oo_kernel.o
 .debug_line    0x000037c7      0xa9d ./Os/S32K144EVB/erika/src/ee_oo_api_osek.o
 .debug_line    0x00004264      0x594 ./Os/S32K144EVB/erika/src/ee_cortex_m_irqstub.o
 .debug_line    0x000047f8       0xa0 ./Os/S32K144EVB/erika/src/ee_cortex_m_irq_asm.o
 .debug_line    0x00004898      0x54b ./Os/S32K144EVB/erika/src/ee_cortex_m_change_context.o
 .debug_line    0x00004de3       0x78 ./Os/S32K144EVB/erika/src/ee_cortex_m_asm.o
 .debug_line    0x00004e5b      0x502 ./Mcal/Port_TS_T40D2M10I1R0/src/Port_Port_Ci.o
 .debug_line    0x0000535d      0x3a3 ./Mcal/Port_TS_T40D2M10I1R0/src/Port.o
 .debug_line    0x00005700      0x312 ./Mcal/Mcu_TS_T40D2M10I1R0/src/Mcu_SMC.o
 .debug_line    0x00005a12      0x2fe ./Mcal/Mcu_TS_T40D2M10I1R0/src/Mcu_SIM.o
 .debug_line    0x00005d10      0x43b ./Mcal/Mcu_TS_T40D2M10I1R0/src/Mcu_SCG.o
 .debug_line    0x0000614b      0x332 ./Mcal/Mcu_TS_T40D2M10I1R0/src/Mcu_RCM.o
 .debug_line    0x0000647d      0x3b8 ./Mcal/Mcu_TS_T40D2M10I1R0/src/Mcu_PMC.o
 .debug_line    0x00006835      0x2f9 ./Mcal/Mcu_TS_T40D2M10I1R0/src/Mcu_PCC.o
 .debug_line    0x00006b2e      0x4ba ./Mcal/Mcu_TS_T40D2M10I1R0/src/Mcu_IPW.o
 .debug_line    0x00006fe8      0x494 ./Mcal/Mcu_TS_T40D2M10I1R0/src/Mcu.o
 .debug_line    0x0000747c      0x3a9 ./Mcal/Dio_TS_T40D2M10I1R0/src/Dio_Gpio.o
 .debug_line    0x00007825      0x30f ./Mcal/Dio_TS_T40D2M10I1R0/src/Dio.o
 .debug_line    0x00007b34      0x216 ./Mcal/Det_TS_T40D2M10I1R0/src/Det.o
 .debug_line    0x00007d4a      0x2c6 ./EBCfg/WorkspaceS32K144_19_06_2019/output/generated/src/Port_PBcfg.o
 .debug_line    0x00008010      0x3d1 ./EBCfg/WorkspaceS32K144_19_06_2019/output/generated/src/Mcu_PBcfg.o

.debug_str      0x00000000    0x8fe9f
 .debug_str     0x00000000     0x6069 ./src/TaskEntity.o
                               0x60ed (size before relaxing)
 .debug_str     0x00006069     0x4e69 ./src/InterruptServices.o
                               0x8f1d (size before relaxing)
 .debug_str     0x0000aed2    0x65ef5 ./src/Appl.o
                              0x69fea (size before relaxing)
 .debug_str     0x00070dc7     0x48a9 ./Project_Settings/Startup_Code/system_S32K144.o
                              0x624fc (size before relaxing)
 .debug_str     0x00075670      0x120 ./Project_Settings/Startup_Code/startup.o
                              0x62442 (size before relaxing)
 .debug_str     0x00075790      0xb0d ./Os/S32K144EVB/out/ee_applcfg.o
                               0xbad6 (size before relaxing)
 .debug_str     0x0007629d     0x9448 ./Os/S32K144EVB/erika/src/ee_std_change_context.o
                              0x14dd4 (size before relaxing)
 .debug_str     0x0007f6e5      0x13c ./Os/S32K144EVB/erika/src/ee_s32k1xx_intvect.o
                              0x14e56 (size before relaxing)
 .debug_str     0x0007f821      0x1c4 ./Os/S32K144EVB/erika/src/ee_oo_scheduler.o
                              0x14eeb (size before relaxing)
 .debug_str     0x0007f9e5      0x2b6 ./Os/S32K144EVB/erika/src/ee_oo_sched_partitioned.o
                              0x15000 (size before relaxing)
 .debug_str     0x0007fc9b      0x219 ./Os/S32K144EVB/erika/src/ee_oo_sched_entry_points.o
                              0x14f6b (size before relaxing)
 .debug_str     0x0007feb4       0x71 ./Os/S32K144EVB/erika/src/ee_oo_kernel.o
                              0x14db5 (size before relaxing)
 .debug_str     0x0007ff25      0x260 ./Os/S32K144EVB/erika/src/ee_oo_api_osek.o
                              0x1527f (size before relaxing)
 .debug_str     0x00080185       0xa4 ./Os/S32K144EVB/erika/src/ee_cortex_m_irqstub.o
                              0x14e2d (size before relaxing)
 .debug_str     0x00080229       0x47 ./Os/S32K144EVB/erika/src/ee_cortex_m_change_context.o
                              0x14dc2 (size before relaxing)
 .debug_str     0x00080270     0x251e ./Mcal/Port_TS_T40D2M10I1R0/src/Port_Port_Ci.o
                               0xd4f7 (size before relaxing)
 .debug_str     0x0008278e      0x504 ./Mcal/Port_TS_T40D2M10I1R0/src/Port.o
                               0xb943 (size before relaxing)
 .debug_str     0x00082c92      0xaaf ./Mcal/Mcu_TS_T40D2M10I1R0/src/Mcu_SMC.o
                               0x8c4a (size before relaxing)
 .debug_str     0x00083741     0x403e ./Mcal/Mcu_TS_T40D2M10I1R0/src/Mcu_SIM.o
                               0xc290 (size before relaxing)
 .debug_str     0x0008777f     0x33f8 ./Mcal/Mcu_TS_T40D2M10I1R0/src/Mcu_SCG.o
                               0xb648 (size before relaxing)
 .debug_str     0x0008ab77     0x16b4 ./Mcal/Mcu_TS_T40D2M10I1R0/src/Mcu_RCM.o
                               0x9811 (size before relaxing)
 .debug_str     0x0008c22b      0x258 ./Mcal/Mcu_TS_T40D2M10I1R0/src/Mcu_PMC.o
                               0x98c5 (size before relaxing)
 .debug_str     0x0008c483     0x1967 ./Mcal/Mcu_TS_T40D2M10I1R0/src/Mcu_PCC.o
                               0x9aec (size before relaxing)
 .debug_str     0x0008ddea      0xdd1 ./Mcal/Mcu_TS_T40D2M10I1R0/src/Mcu_IPW.o
                               0xe2bf (size before relaxing)
 .debug_str     0x0008ebbb      0x2ae ./Mcal/Mcu_TS_T40D2M10I1R0/src/Mcu.o
                               0x8b35 (size before relaxing)
 .debug_str     0x0008ee69      0x85a ./Mcal/Dio_TS_T40D2M10I1R0/src/Dio_Gpio.o
                               0x7f56 (size before relaxing)
 .debug_str     0x0008f6c3      0x151 ./Mcal/Dio_TS_T40D2M10I1R0/src/Dio.o
                               0x69c7 (size before relaxing)
 .debug_str     0x0008f814      0x213 ./Mcal/Det_TS_T40D2M10I1R0/src/Det.o
                               0x466b (size before relaxing)
 .debug_str     0x0008fa27      0x20b ./EBCfg/WorkspaceS32K144_19_06_2019/output/generated/src/Port_PBcfg.o
                               0xb1de (size before relaxing)
 .debug_str     0x0008fc32      0x26d ./EBCfg/WorkspaceS32K144_19_06_2019/output/generated/src/Mcu_PBcfg.o
                              0x12344 (size before relaxing)

.comment        0x00000000       0x70
 .comment       0x00000000       0x70 ./src/TaskEntity.o
                                 0x71 (size before relaxing)
 .comment       0x00000000       0x71 ./src/InterruptServices.o
 .comment       0x00000000       0x71 ./src/Appl.o
 .comment       0x00000000       0x71 ./Project_Settings/Startup_Code/system_S32K144.o
 .comment       0x00000000       0x71 ./Project_Settings/Startup_Code/startup.o
 .comment       0x00000000       0x71 ./Os/S32K144EVB/out/ee_applcfg.o
 .comment       0x00000000       0x71 ./Os/S32K144EVB/erika/src/ee_std_change_context.o
 .comment       0x00000000       0x71 ./Os/S32K144EVB/erika/src/ee_s32k1xx_intvect.o
 .comment       0x00000000       0x71 ./Os/S32K144EVB/erika/src/ee_oo_scheduler.o
 .comment       0x00000000       0x71 ./Os/S32K144EVB/erika/src/ee_oo_sched_partitioned.o
 .comment       0x00000000       0x71 ./Os/S32K144EVB/erika/src/ee_oo_sched_entry_points.o
 .comment       0x00000000       0x71 ./Os/S32K144EVB/erika/src/ee_oo_kernel.o
 .comment       0x00000000       0x71 ./Os/S32K144EVB/erika/src/ee_oo_api_osek.o
 .comment       0x00000000       0x71 ./Os/S32K144EVB/erika/src/ee_cortex_m_irqstub.o
 .comment       0x00000000       0x71 ./Os/S32K144EVB/erika/src/ee_cortex_m_change_context.o
 .comment       0x00000000       0x71 ./Mcal/Port_TS_T40D2M10I1R0/src/Port_Port_Ci.o
 .comment       0x00000000       0x71 ./Mcal/Port_TS_T40D2M10I1R0/src/Port.o
 .comment       0x00000000       0x71 ./Mcal/Mcu_TS_T40D2M10I1R0/src/Mcu_SMC.o
 .comment       0x00000000       0x71 ./Mcal/Mcu_TS_T40D2M10I1R0/src/Mcu_SIM.o
 .comment       0x00000000       0x71 ./Mcal/Mcu_TS_T40D2M10I1R0/src/Mcu_SCG.o
 .comment       0x00000000       0x71 ./Mcal/Mcu_TS_T40D2M10I1R0/src/Mcu_RCM.o
 .comment       0x00000000       0x71 ./Mcal/Mcu_TS_T40D2M10I1R0/src/Mcu_PMC.o
 .comment       0x00000000       0x71 ./Mcal/Mcu_TS_T40D2M10I1R0/src/Mcu_PCC.o
 .comment       0x00000000       0x71 ./Mcal/Mcu_TS_T40D2M10I1R0/src/Mcu_IPW.o
 .comment       0x00000000       0x71 ./Mcal/Mcu_TS_T40D2M10I1R0/src/Mcu.o
 .comment       0x00000000       0x71 ./Mcal/Dio_TS_T40D2M10I1R0/src/Dio_Gpio.o
 .comment       0x00000000       0x71 ./Mcal/Dio_TS_T40D2M10I1R0/src/Dio.o
 .comment       0x00000000       0x71 ./Mcal/Det_TS_T40D2M10I1R0/src/Det.o
 .comment       0x00000000       0x71 ./EBCfg/WorkspaceS32K144_19_06_2019/output/generated/src/Port_PBcfg.o
 .comment       0x00000000       0x71 ./EBCfg/WorkspaceS32K144_19_06_2019/output/generated/src/Mcu_PBcfg.o

.debug_frame    0x00000000     0x1900
 .debug_frame   0x00000000       0x48 ./src/TaskEntity.o
 .debug_frame   0x00000048       0x50 ./src/InterruptServices.o
 .debug_frame   0x00000098       0x78 ./src/Appl.o
 .debug_frame   0x00000110       0x80 ./Project_Settings/Startup_Code/system_S32K144.o
 .debug_frame   0x00000190       0x38 ./Project_Settings/Startup_Code/startup.o
 .debug_frame   0x000001c8       0x7c ./Os/S32K144EVB/erika/src/ee_std_change_context.o
 .debug_frame   0x00000244       0x68 ./Os/S32K144EVB/erika/src/ee_s32k1xx_intvect.o
 .debug_frame   0x000002ac       0xf4 ./Os/S32K144EVB/erika/src/ee_oo_scheduler.o
 .debug_frame   0x000003a0      0x240 ./Os/S32K144EVB/erika/src/ee_oo_sched_partitioned.o
 .debug_frame   0x000005e0      0x1f0 ./Os/S32K144EVB/erika/src/ee_oo_sched_entry_points.o
 .debug_frame   0x000007d0       0xa4 ./Os/S32K144EVB/erika/src/ee_oo_kernel.o
 .debug_frame   0x00000874      0x5c8 ./Os/S32K144EVB/erika/src/ee_oo_api_osek.o
 .debug_frame   0x00000e3c       0x9c ./Os/S32K144EVB/erika/src/ee_cortex_m_irqstub.o
 .debug_frame   0x00000ed8       0x74 ./Os/S32K144EVB/erika/src/ee_cortex_m_change_context.o
 .debug_frame   0x00000f4c       0xf0 ./Mcal/Port_TS_T40D2M10I1R0/src/Port_Port_Ci.o
 .debug_frame   0x0000103c       0xbc ./Mcal/Port_TS_T40D2M10I1R0/src/Port.o
 .debug_frame   0x000010f8       0x60 ./Mcal/Mcu_TS_T40D2M10I1R0/src/Mcu_SMC.o
 .debug_frame   0x00001158       0x60 ./Mcal/Mcu_TS_T40D2M10I1R0/src/Mcu_SIM.o
 .debug_frame   0x000011b8      0x168 ./Mcal/Mcu_TS_T40D2M10I1R0/src/Mcu_SCG.o
 .debug_frame   0x00001320       0x88 ./Mcal/Mcu_TS_T40D2M10I1R0/src/Mcu_RCM.o
 .debug_frame   0x000013a8       0x38 ./Mcal/Mcu_TS_T40D2M10I1R0/src/Mcu_PMC.o
 .debug_frame   0x000013e0       0x38 ./Mcal/Mcu_TS_T40D2M10I1R0/src/Mcu_PCC.o
 .debug_frame   0x00001418      0x104 ./Mcal/Mcu_TS_T40D2M10I1R0/src/Mcu_IPW.o
 .debug_frame   0x0000151c      0x134 ./Mcal/Mcu_TS_T40D2M10I1R0/src/Mcu.o
 .debug_frame   0x00001650      0x100 ./Mcal/Dio_TS_T40D2M10I1R0/src/Dio_Gpio.o
 .debug_frame   0x00001750       0xe8 ./Mcal/Dio_TS_T40D2M10I1R0/src/Dio.o
 .debug_frame   0x00001838       0xc8 ./Mcal/Det_TS_T40D2M10I1R0/src/Det.o
