20:18:13 **** Clean-only build of configuration Debug for project hello ****
make -j8 clean 
rm -rf ./*/*.d ./*/*/*.d  ./*/*.o ./*/*/*.o   "hello.siz"   "hello.elf" 
 
20:18:13 **** Build of configuration Debug for project hello ****
make -j8 all 
Building file: ../Project_Settings/Startup_Code/startup.c
Building file: ../Project_Settings/Startup_Code/startup_S32K144.S
Building file: ../Project_Settings/Startup_Code/system_S32K144.c
Executing target #1 ../Project_Settings/Startup_Code/startup.c
Executing target #2 ../Project_Settings/Startup_Code/startup_S32K144.S
Building file: ../src/hello.c
Executing target #3 ../Project_Settings/Startup_Code/system_S32K144.c
Invoking: Standard S32DS C Compiler
arm-none-eabi-gcc "@Project_Settings/Startup_Code/startup.args" -MMD -MP -MF"Project_Settings/Startup_Code/startup.d" -MT"Project_Settings/Startup_Code/startup.o" -c -o "Project_Settings/Startup_Code/startup.o" "../Project_Settings/Startup_Code/startup.c"
Executing target #4 ../src/hello.c
Invoking: Standard S32DS C Compiler
arm-none-eabi-gcc "@Project_Settings/Startup_Code/system_S32K144.args" -MMD -MP -MF"Project_Settings/Startup_Code/system_S32K144.d" -MT"Project_Settings/Startup_Code/system_S32K144.o" -c -o "Project_Settings/Startup_Code/system_S32K144.o" "../Project_Settings/Startup_Code/system_S32K144.c"
Invoking: Standard S32DS C Compiler
arm-none-eabi-gcc "@src/hello.args" -MMD -MP -MF"src/hello.d" -MT"src/hello.o" -c -o "src/hello.o" "../src/hello.c"
Invoking: Standard S32DS Assembler
arm-none-eabi-gcc "@Project_Settings/Startup_Code/startup_S32K144.args" -c -o "Project_Settings/Startup_Code/startup_S32K144.o" "../Project_Settings/Startup_Code/startup_S32K144.S"
Finished building: ../Project_Settings/Startup_Code/startup_S32K144.S
 
Finished building: ../Project_Settings/Startup_Code/system_S32K144.c
Finished building: ../Project_Settings/Startup_Code/startup.c
Finished building: ../src/hello.c
 
 
 
Building target: hello.elf
Executing target #5 hello.elf
Invoking: Standard S32DS C Linker
arm-none-eabi-gcc -o "hello.elf" "@hello.args"   
Finished building target: hello.elf
 
Executing target #6 hello.siz
Invoking: Standard S32DS Print Size
arm-none-eabi-size --format=berkeley  hello.elf 
   text	   data	    bss	    dec	    hex	filename
   1584	      0	   3072	   4656	   1230	hello.elf
Finished building: hello.siz
 
20:18:47 **** Incremental Build of configuration Debug for project S32K144 ****
make -j8 all 
Executing target #77 S32K144.siz
Invoking: Standard S32DS Print Size
arm-none-eabi-size --format=berkeley  S32K144.elf 
   text	   data	    bss	    dec	    hex	filename
   5464	      0	   3136	   8600	   2198	S32K144.elf
Finished building: S32K144.siz
 
20:53:29 **** Incremental Build of configuration Debug for project S32K144 ****
make -j8 all 
Executing target #77 S32K144.siz
Invoking: Standard S32DS Print Size
arm-none-eabi-size --format=berkeley  S32K144.elf 
   text	   data	    bss	    dec	    hex	filename
   5464	      0	   3136	   8600	   2198	S32K144.elf
Finished building: S32K144.siz
 
10:04:10 **** Incremental Build of configuration Debug for project S32K144 ****
make -j8 all 
Building file: ../EBCfg/WorkspaceS32K144_19_06_2019/output/generated/src/Port_Cfg.c
Building file: ../EBCfg/WorkspaceS32K144_19_06_2019/output/generated/src/Port_PBcfg.c
Executing target #10 ../EBCfg/WorkspaceS32K144_19_06_2019/output/generated/src/Port_Cfg.c
Executing target #11 ../EBCfg/WorkspaceS32K144_19_06_2019/output/generated/src/Port_PBcfg.c
Building file: ../Mcal/Port_TS_T40D2M10I1R0/src/Port.c
Invoking: Standard S32DS C Compiler
Executing target #42 ../Mcal/Port_TS_T40D2M10I1R0/src/Port.c
arm-none-eabi-gcc "@EBCfg/WorkspaceS32K144_19_06_2019/output/generated/src/Port_Cfg.args" -MMD -MP -MF"EBCfg/WorkspaceS32K144_19_06_2019/output/generated/src/Port_Cfg.d" -MT"EBCfg/WorkspaceS32K144_19_06_2019/output/generated/src/Port_Cfg.o" -c -o "EBCfg/WorkspaceS32K144_19_06_2019/output/generated/src/Port_Cfg.o" "../EBCfg/WorkspaceS32K144_19_06_2019/output/generated/src/Port_Cfg.c"
Invoking: Standard S32DS C Compiler
arm-none-eabi-gcc "@EBCfg/WorkspaceS32K144_19_06_2019/output/generated/src/Port_PBcfg.args" -MMD -MP -MF"EBCfg/WorkspaceS32K144_19_06_2019/output/generated/src/Port_PBcfg.d" -MT"EBCfg/WorkspaceS32K144_19_06_2019/output/generated/src/Port_PBcfg.o" -c -o "EBCfg/WorkspaceS32K144_19_06_2019/output/generated/src/Port_PBcfg.o" "../EBCfg/WorkspaceS32K144_19_06_2019/output/generated/src/Port_PBcfg.c"
Invoking: Standard S32DS C Compiler
Building file: ../Mcal/Port_TS_T40D2M10I1R0/src/Port_Ipw.c
arm-none-eabi-gcc "@Mcal/Port_TS_T40D2M10I1R0/src/Port.args" -MMD -MP -MF"Mcal/Port_TS_T40D2M10I1R0/src/Port.d" -MT"Mcal/Port_TS_T40D2M10I1R0/src/Port.o" -c -o "Mcal/Port_TS_T40D2M10I1R0/src/Port.o" "../Mcal/Port_TS_T40D2M10I1R0/src/Port.c"
Executing target #43 ../Mcal/Port_TS_T40D2M10I1R0/src/Port_Ipw.c
Building file: ../Mcal/Port_TS_T40D2M10I1R0/src/Port_Port_Ci.c
Finished building: ../Mcal/Port_TS_T40D2M10I1R0/src/Port.c
Executing target #44 ../Mcal/Port_TS_T40D2M10I1R0/src/Port_Port_Ci.c
Finished building: ../EBCfg/WorkspaceS32K144_19_06_2019/output/generated/src/Port_Cfg.c
Finished building: ../EBCfg/WorkspaceS32K144_19_06_2019/output/generated/src/Port_PBcfg.c
 
Invoking: Standard S32DS C Compiler
 
arm-none-eabi-gcc "@Mcal/Port_TS_T40D2M10I1R0/src/Port_Port_Ci.args" -MMD -MP -MF"Mcal/Port_TS_T40D2M10I1R0/src/Port_Port_Ci.d" -MT"Mcal/Port_TS_T40D2M10I1R0/src/Port_Port_Ci.o" -c -o "Mcal/Port_TS_T40D2M10I1R0/src/Port_Port_Ci.o" "../Mcal/Port_TS_T40D2M10I1R0/src/Port_Port_Ci.c"
 
Invoking: Standard S32DS C Compiler
Building file: ../src/Appl.c
arm-none-eabi-gcc "@Mcal/Port_TS_T40D2M10I1R0/src/Port_Ipw.args" -MMD -MP -MF"Mcal/Port_TS_T40D2M10I1R0/src/Port_Ipw.d" -MT"Mcal/Port_TS_T40D2M10I1R0/src/Port_Ipw.o" -c -o "Mcal/Port_TS_T40D2M10I1R0/src/Port_Ipw.o" "../Mcal/Port_TS_T40D2M10I1R0/src/Port_Ipw.c"
Executing target #75 ../src/Appl.c
Invoking: Standard S32DS C Compiler
arm-none-eabi-gcc "@src/Appl.args" -MMD -MP -MF"src/Appl.d" -MT"src/Appl.o" -c -o "src/Appl.o" "../src/Appl.c"
Finished building: ../Mcal/Port_TS_T40D2M10I1R0/src/Port_Ipw.c
Finished building: ../Mcal/Port_TS_T40D2M10I1R0/src/Port_Port_Ci.c
 
 
Finished building: ../src/Appl.c
 
Building target: S32K144.elf
Executing target #76 S32K144.elf
Invoking: Standard S32DS C Linker
arm-none-eabi-gcc -o "S32K144.elf" "@S32K144.args"   
Finished building target: S32K144.elf
 
Executing target #77 S32K144.siz
Invoking: Standard S32DS Print Size
arm-none-eabi-size --format=berkeley  S32K144.elf 
   text	   data	    bss	    dec	    hex	filename
   5592	      0	   3136	   8728	   2218	S32K144.elf
Finished building: S32K144.siz
 
10:04:50 **** Incremental Build of configuration Debug for project S32K144 ****
make -j8 all 
Executing target #77 S32K144.siz
Invoking: Standard S32DS Print Size
arm-none-eabi-size --format=berkeley  S32K144.elf 
   text	   data	    bss	    dec	    hex	filename
   5592	      0	   3136	   8728	   2218	S32K144.elf
Finished building: S32K144.siz
 
10:26:11 **** Incremental Build of configuration Debug for project S32K144 ****
make -j8 all 
Executing target #77 S32K144.siz
Invoking: Standard S32DS Print Size
arm-none-eabi-size --format=berkeley  S32K144.elf 
   text	   data	    bss	    dec	    hex	filename
   5592	      0	   3136	   8728	   2218	S32K144.elf
Finished building: S32K144.siz
 
10:26:25 **** Incremental Build of configuration Debug for project S32K144 ****
make -j8 all 
Executing target #77 S32K144.siz
Invoking: Standard S32DS Print Size
arm-none-eabi-size --format=berkeley  S32K144.elf 
   text	   data	    bss	    dec	    hex	filename
   5592	      0	   3136	   8728	   2218	S32K144.elf
Finished building: S32K144.siz
 
11:32:19 **** Incremental Build of configuration Debug for project S32K144 ****
make -j8 all 
Executing target #77 S32K144.siz
Invoking: Standard S32DS Print Size
arm-none-eabi-size --format=berkeley  S32K144.elf 
   text	   data	    bss	    dec	    hex	filename
   5592	      0	   3136	   8728	   2218	S32K144.elf
Finished building: S32K144.siz
 
11:32:59 **** Incremental Build of configuration Debug_RAM for project S32K144 ****
make -j8 all 
Building file: ../EBCfg/WorkspaceS32K144_19_06_2019/output/generated/src/Adc_Cfg.c
Building file: ../EBCfg/WorkspaceS32K144_19_06_2019/output/generated/src/Adc_PBcfg.c
Building file: ../EBCfg/WorkspaceS32K144_19_06_2019/output/generated/src/CDD_Mcl_Cfg.c
Executing target #1 ../EBCfg/WorkspaceS32K144_19_06_2019/output/generated/src/Adc_Cfg.c
Executing target #2 ../EBCfg/WorkspaceS32K144_19_06_2019/output/generated/src/Adc_PBcfg.c
Executing target #3 ../EBCfg/WorkspaceS32K144_19_06_2019/output/generated/src/CDD_Mcl_Cfg.c
Invoking: Standard S32DS C Compiler
Invoking: Standard S32DS C Compiler
arm-none-eabi-gcc "@EBCfg/WorkspaceS32K144_19_06_2019/output/generated/src/Adc_Cfg.args" -MMD -MP -MF"EBCfg/WorkspaceS32K144_19_06_2019/output/generated/src/Adc_Cfg.d" -MT"EBCfg/WorkspaceS32K144_19_06_2019/output/generated/src/Adc_Cfg.o" -c -o "EBCfg/WorkspaceS32K144_19_06_2019/output/generated/src/Adc_Cfg.o" "../EBCfg/WorkspaceS32K144_19_06_2019/output/generated/src/Adc_Cfg.c"
Building file: ../EBCfg/WorkspaceS32K144_19_06_2019/output/generated/src/CDD_Mcl_PBcfg.c
Invoking: Standard S32DS C Compiler
arm-none-eabi-gcc "@EBCfg/WorkspaceS32K144_19_06_2019/output/generated/src/CDD_Mcl_Cfg.args" -MMD -MP -MF"EBCfg/WorkspaceS32K144_19_06_2019/output/generated/src/CDD_Mcl_Cfg.d" -MT"EBCfg/WorkspaceS32K144_19_06_2019/output/generated/src/CDD_Mcl_Cfg.o" -c -o "EBCfg/WorkspaceS32K144_19_06_2019/output/generated/src/CDD_Mcl_Cfg.o" "../EBCfg/WorkspaceS32K144_19_06_2019/output/generated/src/CDD_Mcl_Cfg.c"
Executing target #4 ../EBCfg/WorkspaceS32K144_19_06_2019/output/generated/src/CDD_Mcl_PBcfg.c
arm-none-eabi-gcc "@EBCfg/WorkspaceS32K144_19_06_2019/output/generated/src/Adc_PBcfg.args" -MMD -MP -MF"EBCfg/WorkspaceS32K144_19_06_2019/output/generated/src/Adc_PBcfg.d" -MT"EBCfg/WorkspaceS32K144_19_06_2019/output/generated/src/Adc_PBcfg.o" -c -o "EBCfg/WorkspaceS32K144_19_06_2019/output/generated/src/Adc_PBcfg.o" "../EBCfg/WorkspaceS32K144_19_06_2019/output/generated/src/Adc_PBcfg.c"
Invoking: Standard S32DS C Compiler
arm-none-eabi-gcc "@EBCfg/WorkspaceS32K144_19_06_2019/output/generated/src/CDD_Mcl_PBcfg.args" -MMD -MP -MF"EBCfg/WorkspaceS32K144_19_06_2019/output/generated/src/CDD_Mcl_PBcfg.d" -MT"EBCfg/WorkspaceS32K144_19_06_2019/output/generated/src/CDD_Mcl_PBcfg.o" -c -o "EBCfg/WorkspaceS32K144_19_06_2019/output/generated/src/CDD_Mcl_PBcfg.o" "../EBCfg/WorkspaceS32K144_19_06_2019/output/generated/src/CDD_Mcl_PBcfg.c"
../EBCfg/WorkspaceS32K144_19_06_2019/output/generated/src/Adc_Cfg.c:75:17: fatal error: Adc.h: No such file or directory
Building file: ../EBCfg/WorkspaceS32K144_19_06_2019/output/generated/src/Dio_Cfg.c
 #include "Adc.h"
                 ^
Executing target #5 ../EBCfg/WorkspaceS32K144_19_06_2019/output/generated/src/Dio_Cfg.c
compilation terminated.
Building file: ../EBCfg/WorkspaceS32K144_19_06_2019/output/generated/src/Gpt_Cfg.c
../EBCfg/WorkspaceS32K144_19_06_2019/output/generated/src/Adc_PBcfg.c:80:17: fatal error: Adc.h: No such file or directory
Building file: ../EBCfg/WorkspaceS32K144_19_06_2019/output/generated/src/Gpt_PBcfg.c
 #include "Adc.h"
Invoking: Standard S32DS C Compiler
arm-none-eabi-gcc "@EBCfg/WorkspaceS32K144_19_06_2019/output/generated/src/Dio_Cfg.args" -MMD -MP -MF"EBCfg/WorkspaceS32K144_19_06_2019/output/generated/src/Dio_Cfg.d" -MT"EBCfg/WorkspaceS32K144_19_06_2019/output/generated/src/Dio_Cfg.o" -c -o "EBCfg/WorkspaceS32K144_19_06_2019/output/generated/src/Dio_Cfg.o" "../EBCfg/WorkspaceS32K144_19_06_2019/output/generated/src/Dio_Cfg.c"
                 ^
Executing target #6 ../EBCfg/WorkspaceS32K144_19_06_2019/output/generated/src/Gpt_Cfg.c
compilation terminated.
Invoking: Standard S32DS C Compiler
../EBCfg/WorkspaceS32K144_19_06_2019/output/generated/src/CDD_Mcl_Cfg.c:68:21: fatal error: CDD_Mcl.h: No such file or directory
arm-none-eabi-gcc "@EBCfg/WorkspaceS32K144_19_06_2019/output/generated/src/Gpt_Cfg.args" -MMD -MP -MF"EBCfg/WorkspaceS32K144_19_06_2019/output/generated/src/Gpt_Cfg.d" -MT"EBCfg/WorkspaceS32K144_19_06_2019/output/generated/src/Gpt_Cfg.o" -c -o "EBCfg/WorkspaceS32K144_19_06_2019/output/generated/src/Gpt_Cfg.o" "../EBCfg/WorkspaceS32K144_19_06_2019/output/generated/src/Gpt_Cfg.c"
 #include "CDD_Mcl.h"
Executing target #7 ../EBCfg/WorkspaceS32K144_19_06_2019/output/generated/src/Gpt_PBcfg.c
                     ^
compilation terminated.
make: *** [EBCfg/WorkspaceS32K144_19_06_2019/output/generated/src/subdir.mk:128: EBCfg/WorkspaceS32K144_19_06_2019/output/generated/src/CDD_Mcl_Cfg.o] Error 1
../EBCfg/WorkspaceS32K144_19_06_2019/output/generated/src/CDD_Mcl_PBcfg.c:101:21: fatal error: CDD_Mcl.h: No such file or directory
 #include "CDD_Mcl.h"
                     ^
make: *** Waiting for unfinished jobs....
compilation terminated.
make: *** [EBCfg/WorkspaceS32K144_19_06_2019/output/generated/src/subdir.mk:112: EBCfg/WorkspaceS32K144_19_06_2019/output/generated/src/Adc_Cfg.o] Error 1
make: *** [EBCfg/WorkspaceS32K144_19_06_2019/output/generated/src/subdir.mk:136: EBCfg/WorkspaceS32K144_19_06_2019/output/generated/src/CDD_Mcl_PBcfg.o] Error 1
make: *** [EBCfg/WorkspaceS32K144_19_06_2019/output/generated/src/subdir.mk:120: EBCfg/WorkspaceS32K144_19_06_2019/output/generated/src/Adc_PBcfg.o] Error 1
../EBCfg/WorkspaceS32K144_19_06_2019/output/generated/src/Dio_Cfg.c:73:17: fatal error: Dio.h: No such file or directory
 #include "Dio.h"
                 ^
compilation terminated.
make: *** [EBCfg/WorkspaceS32K144_19_06_2019/output/generated/src/subdir.mk:144: EBCfg/WorkspaceS32K144_19_06_2019/output/generated/src/Dio_Cfg.o] Error 1
Invoking: Standard S32DS C Compiler
arm-none-eabi-gcc "@EBCfg/WorkspaceS32K144_19_06_2019/output/generated/src/Gpt_PBcfg.args" -MMD -MP -MF"EBCfg/WorkspaceS32K144_19_06_2019/output/generated/src/Gpt_PBcfg.d" -MT"EBCfg/WorkspaceS32K144_19_06_2019/output/generated/src/Gpt_PBcfg.o" -c -o "EBCfg/WorkspaceS32K144_19_06_2019/output/generated/src/Gpt_PBcfg.o" "../EBCfg/WorkspaceS32K144_19_06_2019/output/generated/src/Gpt_PBcfg.c"
../EBCfg/WorkspaceS32K144_19_06_2019/output/generated/src/Gpt_Cfg.c:68:18: fatal error: Mcal.h: No such file or directory
 #include "Mcal.h"
                  ^
compilation terminated.
make: *** [EBCfg/WorkspaceS32K144_19_06_2019/output/generated/src/subdir.mk:152: EBCfg/WorkspaceS32K144_19_06_2019/output/generated/src/Gpt_Cfg.o] Error 1
../EBCfg/WorkspaceS32K144_19_06_2019/output/generated/src/Gpt_PBcfg.c:76:21: fatal error: Gpt_Cfg.h: No such file or directory
 #include "Gpt_Cfg.h"
                     ^
compilation terminated.
make: *** [EBCfg/WorkspaceS32K144_19_06_2019/output/generated/src/subdir.mk:160: EBCfg/WorkspaceS32K144_19_06_2019/output/generated/src/Gpt_PBcfg.o] Error 1
11:33:32 **** Incremental Build of configuration Debug for project S32K144 ****
make -j8 all 
Executing target #77 S32K144.siz
Invoking: Standard S32DS Print Size
arm-none-eabi-size --format=berkeley  S32K144.elf 
   text	   data	    bss	    dec	    hex	filename
   5592	      0	   3136	   8728	   2218	S32K144.elf
Finished building: S32K144.siz
 
